......o.o..o..oo..o...ooo....o.o..o...o...........oo.o.o..oo
......ooo.....o....o.....o......o..o.oo...o.ooo..o...o...o.o
.o..........o...........oo.o.oo...o.......o.o..o........o...
.ooo.o........o.o.oo................o.....o..o........o.oo.o
......o..o..o.....o.............o...o...o......o.......o....
..o.o.............oo..o.................o.o.o.............o.
o..o............o...o.o.ooo.o....oo..oo.o...o.oo.oooo....o..
.o.o.....o......oo.o..oo..............o......o...o.o........
.oo.o.....o....o.....o.......o...........o......o.o.....o...
o..ooooo.o.o.o...oo.......................o..o.o..oooo......
............ooo..o.o....oo...o.ooo.o.o..........o..o......o.
.o.o....o.xxxxx........ooo.oo..........o.oo..............oo.
.oo......oxxxxx..o........oo.o....................oo..oo....
....o.oo..xxxxx.o...o...o.o..oo.o..o.........o........o....o
..o..o.o..xxxxx..o......o.o.....o.o.........o...o...o.......
...o....o.xxxxx.....o....o.o.ooo..........o.o..........o..o.
.oo...oo.......o..ooo..o.o.....oo.o..oo.....oo.......o.oo...
o..o..o.o.o.o...o.....o....o.o.....o.....o......o........o.o
.o..........o...o..oo......o.........o.o.o..o...........o...
....o...o...o...o...o......oo.o...oo...oo......o......o.o...
.o...ooo...o.o.....oo..o...............o.......o.....o.o....
...o..o....o..........o............oo...o.......o....oo...o.
..o..o....oo.o..o.....ooo.o.....o..............o....o..o..o.
