....oo...o.o..oo......o......o....o..........o..oo.............o...o...oo...o.........
o......o.....o.....o.o.......o.oo.......o.o..o..o..o.o.oo...o.......o.........o...o...
....o.....o..o....o...oo..o......o.o.o..o...o.o.o.....o..o....o..o.o.............o..o.
.o.o....o.oo.o.o....o......o...........o........o......o..........o....o.....o....oo..
..oo..o..o.o........o.oo.o.o.......o....oo.....oo.....ooo...o.o..o..o.o....o....o.o..o
....o...oo..........o.......o.o...oo.oo.......o..o.o.o..oo.oo............o..oo.o.o.o..
....oooo......o.o..o.o...oo.o.oooo......o........oooooo........o...o.........o..o.....
.......o........o.......o.o......o..o.o.o.o.o.......o..........o........o.........o...
o..oo....o.....o....oo.o.................o.o.o............o...o..o......ooo......oo...
.o..o........o...o.o.....o..o.....oo..o.o.....o................o.......o....o..oo...o.
....................o.o.......o.................o..o...o..o..........o.oo.o...o.......
.........o.o....oo....o.............o...o..o.oo.............o......oo........o......o.
ooo............oo..o..o....o.o....oooo.oo.o.......o.oo...o..o.......o........oo.....o.
..oo.oo...........o..o.........oo..o....o.o..ooo.....o.......o....o...........oo..o...
....o.............oo....o.o......o......o.........o.o.o.oo..o.o.o......ooo............
.........o.o..o.o.....o.o.o..........o..o......oo........ooo................o..o..o...
..o..oo..o...oo.ooo.................o.o..o......o....o..o.......o....o.o..o.o.o...o...
..o....o..oo.......o...o.....o.o.......oo........ooo.o......o...oo..o.....o..o.o...o..
.......oo..o..oo..o........o...o........o..o.oo...o.....o......o.o..oo....o.o.........
.......xxxxx....oo......o.o..o.o........o......o....................o......o........oo
..oo...xxxxx..ooo.oo..o.....o....o.o..o..o.o..o..........ooo.o................oo.o.o..
.....ooxxxxx...o...o.......oo....oo.......oo..o..o.......o.o.o.....o.oo.o.o......o....
...o...xxxxxo..o....o.........o.o.....................o...o.o...o............o.oo.o...
...o.o.xxxxx..oo.o.....o...o......................o..o........oo..o..................o
.......o.oo..............o.ooo..o..o...o..........o..oo.o.o........o.................o
oo.o...........o.oo..............o..o...o....o.o...o........o......o..o...............
..o....o.....o.oo.oo..oo..o.....o..................o......o.o......o.o..oo..........o.
o..o....o..o..o..o....oo.o.o......oo.o...o..o.o........o.o.o.o..o...o..o.o...o....ooo.
......o.....oo...o..oooo................oo............o..............o.o...o....ooo.o.
o...o..o........o.......o.....ooo.o...o......o.oo......................oo..o.o...o.oo.
o....oo...o......o..o...o.......o..o.o.....o...o...o.........oo...o.......o.........o.
...o.....o......o.....oo....o.....o....o.......oo.o....o......o..........o.....o......
..o..oo.o.o.o..o.o......o..........oo..o.o..o..o.......oo.............o..o.......oo...
......oo..o....o.........oo.o.o....o........o...o.o....oo.o..o..o...o.......oo.....o..
........o.........o.o....oo.......oo....oo.....o.........o....o.oo..o.........o.o....o
o....o..o...o...oo..o..o........o.......o.....o.o...o........o.....oo.oo.....o.o......
.........o...oo.oo............o...o..........................oo...........o..o...o...o
.ooo......o............oo.o....o....o....o...o.......o....o.o........o.........o..o.o.
o..oo.o....................o.o..o..oo.o..o....o..o.....o.o.o........o....o.....o.o....
.......o....o..o.o..o.............o.....o......o........oo.........oo..............o..
...o....o....o......o...............o.o..........o...o.oo...........oo...o....o.......
.o....oo...............oo..........o.....o.o.............o.....o.oo.............o.....
..o.o...o.....................o...oo.o.o..o.oo..o.......oo.o....o.o....o..o...ooo.o...
............o...o.o.........o......o.....o..oo......o....o..oooo.......oo....o.o...o..
........o.......oo......o.....o.o.............o......o.....oo..o...o......oo.o...oo.o.
....oo..oo..o.o.........oo.....o.o..o..o..o..o.o...ooooo........o.......o.o..........o
..o.......o..........o...............o....o.oo...ooo....o......o...o...o............o.
..............oo........o....o......o.....o..........o.o....oooo..o....o.........o.o.o
.o............oo.o.o.......oo...........o.o.o.o......o.....oo.o...o.o..........o..o...
...o..o..o.....o.....o........oo...............o..................o.o...o.....o.......
..o..o.....o...o.oooo.....o....o..o..o.oo...o....o.....o..o..o.....o......o........ooo
.........o.o.o.o..o.....................o.o.oo.......o.o......o..oo.oo....o.ooo...o...
..o..oo...o..o.......o.oo....o.........o..o..o.o...o..o.o.........o.o.oo....o....o....
...o.o..o.......o.......................o..............oooo..oo...o...o............o..
..o........o....o......o.o...o....o.o..o..o......oo.o.o..o.....o...o..o....o.oo.o..o.o
.......o....o..........................o...o...o.........oo......o..o...oo.....o....o.
..........o...o.o.o.....o.oo...........o.o.o..o..o..........ooo..oo...o.....o.o.o.o...
....o......o.o......o.o....o.........o.......o..o......o......oo...........o......ooo.
..o..o....oo..............o...o..............oo..oo......o......ooo........o.o.o......
o...o......o......ooo........o................oo..o..o....o...o...o..o.o....o.o.......
..o......ooo.......o.ooo.o...oo.....o..............o..o.........o...o..o...o..o......o
..o...o....oo..ooo...oo............o....ooo..oo.o.....o.o...oo..o.o..o...o......oo....
.o..o.o................o..o..o........o..oooo..oo...o.o..o......o..o...o........o.o...
.........oo....o....o.oo.o......ooo.oo.o...oo...o.o...............o.o..............o.o
...........o...o..o.o..o.....o.......o.........oo.o...........o..o..o.o..oo.........o.
...o.oo...o.o...............oo.o.o.....o...o.....o..o....o...o..o..o.....o......o..o..
......oo......oo...........oo.o.o.......o.....oo.o..o..o..ooo.....ooo.o....o...oo.o...
....o.o..o.o.ooo........o....o.o..o....o................o...........o......o...o.o.o..
..oo....o.....o..o......o.....o..o..............o.o.....o.....o...o.oo.o...........o..
.o.......o.o...o........oo.....o.......ooo...........o.o..o...........oo..........o...
.o.............oo..o..ooo...o........o.o...o.....o......o..o.....o...o.....o....o.....
......o....o......oo..o.....o.oo.o..o..o....oo...o.......o...o............o.......oo..
..o...o..o..oo..o............o......oo..o....o.oo.o..............o...........oo.....o.
....o......o.........o........oo....oo...o...o.o.....ooo....o...o............oo.......
oo.......o....o..........o....o.............o.....o...o.oo....oo...oo..oooo...........
o.....o..o...o.....oooo..................o..o....o...o..oo..o.o.o.o......oo......o....
....o.oo...........o......o........oo.....o....o...o.o.......o....o.......o.o......oo.
o.....o.o.........o............o....o.........o..o.o..o......o...o..o.o..o........o...
