.o.........o......o.............oo...........oo.....oo...o............
o...............................................o.......o.............
....o..........o..o.............o..o.....................o.o..........
......o..............oo....o....o....o.....................o..........
..o...o.oo...o.........o......oo............o........o......o.....ooo.
....o.....o......o................o........o.........oo....o...o......
.....o.....o.......................o........oo..oo............o.o...o.
............o....o.o.....o..o....oxxxxxxx.......o....o....o....o......
...o...........o.oo...............xxxxxxxo.........o...........o......
.....o...o................o......oxxxxxxx.............o...o..o.oo.....
..................o..........oo..oxxxxxxx....o..o.o...o.o.............
o..o......o.........o..o.......o..xxxxxxxo..o..........o..o....oo.o...
..................o.....o.........xxxxxxx.....oo......................
.o.o.o......o.o...................xxxxxxx..........o.............o...o
......o...o......oo..o..............o...............o...........o.....
........o................o.........o........o............o...........o
....o......o.oo...............o......o..o...o.....o...........o.o.....
......o.o...o........o..o.o..o......o............o..............o.....
...o.................o.........o.o....................................
.o...........oo.oo.oo...o.......o.....................o.....o........o
...............o...oo........................o....o...................
............o..............o.....o...oo.oo..........................o.
oo.........o.........o............oo..o.......o..........o............
.o...o.........o....oo........o...o......o.........................o..
...o..o.........o................o...o...o.............o.o............
.....o..................................o....o......o..o...o.o........
o..oo.....o.......o..o...o..........oo............................o.o.
........................o....o......o..o...o......o...................
.o...o...ooo...o.........oo...........oo.......o.o.....o.......o..o...
o...o.......oo...........o.....oo.......o...o.......................o.
...o..............o...oo..........o....o..........o.o................o
o.o.o....o.......o.....o.........o..o.................................
............o............o.........................o.....o....oo..o...
.......o...............oo..o...o.........oo...........o..o......o.....
....o..o.....o...o.....oo.......................o.......o..o.....o..o.
o........oo....o.o...o........o.ooo........oo.................o.....o.
........o..o.o..o.o.....o...o................................o........
o.o...o..o.....o.......o....o..o.........o..........o.................
.o...ooo.o.....o................o....oo.........o...o........o........
.........o...o.o.........o......................o...oo....o......o....
oo....o.o.......o.....o.....o..oo..........o..........oo.o........o...
oo......o...........o.o..........o..o..............o.................o
...........o.o..........o.......oo.............o........o......o..o...
...........................o...oo..o..o..................o..o.........
..o.o....o...o..........o........o.o.o.......o.oo..........o......o...
oo......o...o...o....o..o..........o....................o.o...o..oo..o
................o......................o.........oo..o....o.......o...
oo......o................oo........oo...........oo....o..............o
.o............o..o..........o.....o..................o...........o....
..o.........................o........o....oo....o................o....
o......o.................o.......o......o........o....................
.o....o...o...o............................o.....o...oo...oo..o....oo.
..o..o...................o...o.........................o..............
........o......o...oo........o..o..o.........o........oo............o.
..........................ooo.o....ooo..........o..oo...o....ooo....o.
..........o...o........o.o.........o...o.......o.....o.............o..
....oo..o..........o...................o.........o.....o.......o.oo...
.o........o.o....o..........o......o....o..o............oo..o..o......
.....oo......o...o.......o...o..............o..oo........o........ooo.
.....o....o...o.....o............o.....................o.o...o.o......
o........o.oo.oo....o.......o...o.........o...o..........o..........oo
.................................o..o....o................o.......o...
.o.....o.o....oo..........o...................o........o....oo....o...
..........o.oo......o........o.o..oo.....o.........o...o.....o.....o..
.........o.....o..o..o.o........o..........o....o...o................o
ooo...................o...........o..........oo..o.............o......
.............o..oo.......o.......oo.........o.............oo....ooo...
...............o...............o...................o...o..............
...o........................o.o.o...o..o.....o......o...o......o......
o.....o.......oo....o....o.................o....o.......o.....oo......
o....o......o...........o......o...o.o.o..........o.....o.....o....o..
.o..........o..........o.............o.....o.o......o.....o...o....oo.
...oo..o..oo..o.........o....oo....o.......o.o....o..................o
..........o................o..........oo...oo...o...........o.......oo
..o..............o....o.................o.............oo.......o.o.o..
................oo.o...o.................oo...............oo.....o.o..
........o....o...........................oo.........o..o.o............
o.o.o.....o.........o....o..oo.............o............o...o.........
o.......o..............oo........o............o.o.o.....o..o..o.....o.
....o.........o.o..o.....................o........oo......o...........
..o.............................o...o....o............................
o.o...o......o...o...o..o....o.........o...o.........o...oo...........
.o.................o...o.........o...o...o..................o........o
.oo...o.o.....o...o...............................o......o...o.o.o....
o....o..........o......................o.o.................o.o........
o..o............o.....................o...................o....oo.....
.oo......o......o..o...o.....o....o....o...........o................o.
....o.oo..o..o.o..o.......o....o...o....................o.......o.....
...o.........o......o.......o..o.o...o..................o...o......oo.
..o...o..oo.....o.o...o...o....o...o....o......o............oo..o.....
.........................o.......o..oo....o................o.......o..
.....o............o.o.......................o.....oo...o....oo.o..oo..
..o......o.......o.oo...oo........o......................o............
...o.o..o....o....o.........o......o.......oo...o.....oo......o..o....
...........o.o.............oo...o.....oo.........................o...o
...............o........................o....o...o.o..................
...o...o...o..........o.............o...........oo.......o.o.o........
....o.....oo.......o...o.......o..o......................o.o...o...o..
...oo...o.o.................o...........o...o....o..o.....o...o...o...
