o.o.....o....o..ooo..o.oo.o..oo.o.
.oo...ooo...o..oo..o...oo..ooo...o
...o.....o.....ooo.o..o.o.o.o.....
o..o.o....oo..o.....o..........o..
oo.o.oo..o....o.........o.oo.o....
.ooo.o....oo....o..oo...o.oooo.ooo
o.o...oo.o..oo..oo.o..o.o.ooo.oooo
..o.o...ooo.o......o...o......oo..
.o.o.o....o..ooo.oo.......o..o.oo.
oo.o..oo....ooooo.o.o....o.o...ooo
..o....oo........ooo....oo..o...oo
o......o....oo..........o.o.ooo...
...o.oo......oo......oo.ooo...o...
...........o........o..........o..
.o.o..oooo......oo...o.oo.....o.oo
...o..o.....ooo.o....ooo.o....o.oo
..oo..o.ooo.o.ooo..o.o.o..oo....oo
..ooo...o............o..oooo......
....o.o..o..oo.....o.....ooooo..oo
o.oo......o.oo.o..oo.oo.o..ooo...o
.............o....oo.o..oo.....o.o
o..oo........ooo..oo..o.oo....oo..
oooo.o.o.oooo...o.oo....o.oo..oo.o
........o..o...o..o.....o.o.oo..o.
.o.o.o..o.....o.o.o......o.o.ooo.o
o.....ooo.o......oo.ooo.o.ooo.oo.o
.o..o.ooooo..ooo.o.oo.oooo.o.....o
.ooo.oo...o.oooo.....o.o.....o....
.oo.o.o..o..o.oo.oooo.o.oo.oo....o
....oo.o...o........o..o.....ooo..
.o.o..o.o.o.o.oo..o...oo.o...o....
oo.o..o.o..o.o..oo.o..o...o.o...oo
...o..o.oooo....o..o.o...oooo..oo.
oo....oo....o.o..o..o.o......o....
..o.......o..o.oooo.oo...ooo.ooo..
...o..ooooo..o...o........o....o..
....o.oo.o.....oo.o.....oo.oo.....
ooo.....o.o..ooo.....o..oooo..oo.o
ooo.o..o..o.o..o..........oo..o...
.....o.o....oo..oo.o..oo..o...o..o
...o..ooo.ooo....o.o.o..o.o...o...
...o...ooo....oo.o.....oo..oo.oo..
oo.ooo...ooo.....oo...ooo.o.o..o..
oo.o..oo...oo..oo..o.oo......oo..o
.o.ooooooo.o..ooo...o..o....oo.ooo
oo.....oo.oo...o..oo..o.o...o.o...
..o.oo.....o.o.o...o..o.oooo.o..o.
.o...o..o..o.o..oo...oo..oooo.oooo
.....ooo....o...o..o..o.....ooo.o.
o.......o.o....ooo.....oo..o.oo.oo
.o.o.o.o...o.o..ooooo...oo.oo...oo
.o.o......o......oooo..ooo...o..o.
...o..o...o...oo....o.oo.oo...oo.o
.o.o..o..o....o................o..
o.ooo.ooo....oo..o.oo.o.......o...
o..o........o.oo..o.o.o...oo..o...
oo...o..o...o..oo.oo.oo..oo....o..
o....o.o.o.o......ooooo...oo.oo..o
..oo......o.o.o.o..o..oo..o......o
o.o......oooo....o..o.o...oo.o....
ooo.o.oo.o.o..o..o...o.o.o.o.oo...
......o.o.oooo...o.....o..o.ooo...
.o.oo....ooooo....oo.oo.......oo.o
oo..ooooo.o.o..o..o...o......oo..o
o...ooooo....o.o....ooo.o.o..ooooo
...ooooo......oooooo..o.....o.....
.o....oo.oo..o..o..o...o..oo..o...
..oo.....o.o.o....o...o.o.oo...ooo
oo...oo.o.....o.oo..xxxx.oo..ooo..
.......oooo.oo.....oxxxx..oo.o.o..
.o....o...o.o..o...oxxxx.....o..oo
oo....o.o.oo..o.o...xxxx.oo.oo.o..
o.o.o...o.....oo.......o...oo.o...
..oooo..o...oo.o.o.oo...o..o...o..
o...o.o........ooo..o.....o.oo.ooo
ooo.oooooo.ooo....o...oo.o.oo.....
o...ooooo...oo...o........o.o...o.
...ooo.oo.......o..o.o...o.o.oo...
o..ooo.o.o.o.o.ooo..o.o..o...o.o..
.....ooo.........o..o......o..o..o
..oooo.o.o...oooo....o....o.oo.oo.
...o...o..o..oo..o...o.ooo.....oo.
......ooo..oo........o.oo..o...o.o
.o....o.oo...o...o....o.ooo.......
oo.....oo.o.o...ooo......o.......o
ooo..oo...ooooo...o.o.....o.o..o.o
..oo....oo..o.oo....ooo...o.....o.
o..o.....oo.oo...o..o.o.o........o
oo.o.o....o.o..o..o....o..o.o...o.
...o....oooo..o.o.o..o.o..oo....oo
.o..o.o...o..ooo..ooo...oo.oo.o.oo
