..........o.........o....oo......o...........o............o.................o............o.........
............................o...o...................................o.........o..........o..ooo....
......o......o...............o..o................o...oo......................................o.....
.........................o....................o.......ooo..o......ooo........o.....o....o......o.o.
o..o.o.....o..............o.....................o...............o.o................................
..oo..o....o.o.........o..............o........o.o............o..........o........o.o..o.....o....o
o..............o.............o.o.................o...........o.o...................................
.........o.........o...............oo...o.........o.........o...o..oo.............................o
..........o.....................................o...................o....................o.........
................o..o....o.........................o......................o.........o......o..oo...o
..o.......o......................o.......................o....o...............oo.........o..o......
......o.........................o...........o........o.....o.o..ooo...o............................
.........o.....o........o.......................o........o..................................o......
.....xxxxxxxx.........o.........o.......o....o........o..o...............o.....................o...
.....xxxxxxxx...o..........o..o...o......o........o..........o.........o.o..................o......
...o.xxxxxxxx..........................................o.............o........o..o.o...o...o.......
.....xxxxxxxx........o.o..o.o..........................o.o....o.....o.....ooo........o....o.......o
...o.xxxxxxxx......o.....o.......o.o..................o......o......o........................o.....
.....xxxxxxxx..........o......o...............................o...............o.o.......o.........o
...ooxxxxxxxx....o......o.............oo.....o..o....o.o........oo.........o.....o.................
....oxxxxxxxxo.......o......o............ooo....o..o..o......o.....o.......................o.o....o
...........................o....o...o........o...............o.....................................
.o.....oo.o................................................ooo...........o..................o......
....................o..o...........................................o.........o...o.o..o....oo....o.
.............o....................................o..........oo...o.......o.......o..........o.....
.......o.....o.....o.....o.........o.o....oo.............................................oo..o.....
