xxo.......o..o..o.o......o..oo.o..........o...o.....o.........o....o....oo...ooo
xx..o..o....oo........o..o.o.........o.....oo.o..o..........oooo..ooo....o...o..
