.....oxxx......oooo.o.o
..ooooxxx...o.o....o...
....ooxxx.o........ooo.
oo..ooo..oo.........o.o
....o..o..o.o..o.o.o.oo
o.o.o.o..........ooooo.
.o.o...............o.o.
.o..o.o..o.o.ooo......o
.o........o..o...oo.o..
o..o.....o....o........
