.....o.....................o.o..o...o.........o.o....o.......o.o.o...o.....
...o..o............o......oo....................o....o...o...............o.
...............o...............o...o..............o....o...o...o...o.......
.o..o.......o................o..o...........o.o............................
...o.........o.oo.....................o...o.......o........................
..............o.ooo...........o..oo.....................o.....o.......o.o.o
o....................o.........o....................o..oo..o...............
........o..o..o......................o......o..............................
..............o....................oo..o.........o..oo.......o......o.o....
........o..........o....o............o.o...........................o...o...
...o......o..........o.............o...o..........o..o.........o.o.........
............o.o...oo...............o..o.....o....o..o............o.........
.o..........o....oo...........o........o..o....o.o...........o.o.o...o.....
........o..o.......o..............o..................o..................o..
...............o.............o.............o.................o......o.....o
...oo...o.....o.o....o...o..............................o...o...........o..
.............oo..o.o.o...o..o..o..........ooo.o............................
......o..................o..o...............o..........ooo....o............
........o........o..o.......o.o......o........o.....o.................o....
.o..o.....................o.o................o.o...o..............o........
........o.....o.o..o............o.o.....o..oo.....o...o........o....oo.....
o.................o..........o..............o...o..o.................o.....
o......................o..........o..............o.......................o.
............................o....oo....o..o.........o.....o.o.............o
..o...o.................o....o.....o....o..o.......o....o....oo............
....o..o..........o.o.......o....o.........oxxxxxxxx......o..........oo.o..
..........oo.o..............................xxxxxxxx...................o...
o.......o...............o..o......o....o..o.xxxxxxxxo..............o......o
...o...o...o.o....oo.................o......xxxxxxxxoo......o......o.......
.o..........................................xxxxxxxx.....................o.
....o..o............o...........o....o.....oxxxxxxxx.o.....................
......o....o................................xxxxxxxx...o..o..........o.....
...oo......o...........o..o..o..............xxxxxxxx..o....o..o.o...o......
o.......o.....o.............o..ooo...............................o.........
......o.......o.....oo....o...................oo................o..........
