...................o.....oo.............o......................ooo.o.o..o.
.o......o..........oo...o....o...o....o......o..o...o.....o...............
......o....o...o.o....o.........o..oo..o.o................oo.o............
......................o.o..o.......o..o.o......................o......o..o
.............o..o.....o.....oo...oo....o......o.........o..o..........o...
...o.....o.o.o...........o...................o.........oo..o....o..o.ooo..
.................o...o....oo.......o..........o.o............o......o.....
......o....................oo.........oo....o...o.......o......oo......o..
.........o.o..o.o.....o......oo.....................o...o....o......o.....
oo.o.o...............o.....o............o....o...o.....o.o.....o.......o..
..o.........o.........o..........o....o........o..........................
.......o.o....o.o..o..............o.....ooo.......o.........o.......o.....
o.....oo.......o......o.....o............o............o...........oo.oo...
...........o..o.....o............o.......o............o.............o.....
..o.o...o..............o.....o...o...............o................o...o.oo
.o.o...................o...oo.xxxxxxx..o...o.........o........o.......o..o
..o....o...............o......xxxxxxx.............o.......o..o...o........
o....o..........o.o..o..o.....xxxxxxxo............o..o........o.......o...
.............o.....o..........xxxxxxx...............o...o.....o...o.....o.
...o.....o...o..............ooxxxxxxxo...........o..........o..o....o....o
.o...o.o......................xxxxxxx.........o........o.o........o.......
.o...o.oo...........o........oxxxxxxx......o.....oo.....o.o............o.o
..........o.........oo...o....o............o.............o..oo.o..o.......
....o...........o............o..oo..oo............oo......o...o....o....o.
......o.o.....o...............o....o............o....o...........o.......o
o.....oo...o.....o...o........o.........o.........oo...........oo.........
o..........o..........o......o...oo...o...........o......................o
................................o.o........o.oo.......o........o..oo..o...
....o....o.....o........................o........ooo.......o...........o..
.....o.o...........................o.o....o.........o..........o...o.o....
...........o...............o..........o.o....o..o..............o......o...
..............o.o.......o...............oo......o..o.....o.oo.............
.o.............o...o................o.o..............o..o................o
.......o..oo....................o...o.o.........o..........o....o.........
........oo.......oo...ooo..............o......o......oo.....o...o..o......
...o...o....o..................o.......o......o......o....o.oo..........o.
...........o.......o.........oo..o.....o...o.........o.......o........o..o
.........o.o.................o..........o......o.......oo............o....
o..o......................o...............o...........oo.....o..o.........
....o......o.........o..o.......o.......o..........o..........o...o.....o.
.....o............................o...o.o.................o.o.......o..o..
.........o.........................o...........o..........................
...................ooo....o.......o.oo...ooo.o..........o...o....o......o.
..oo.....o.oo.o...............o....o................o..o.........o.o....o.
..........o.............o............o................o..........o........
......o.......o...................o......o........o.o......o...o....o.....
..o..................o......oo............o......o............o...........
.o...................o...o.....................o......o...o....o..o..o..oo
o..............oo.....o....................o......o.o............o...o...o
.o.........o...o.o...o......................o...................o...oo....
..o..............o...............o..........................o...o....o....
.......o........o.o..o......oo...o....o...........o.......................
o.o..o.........o............o........o.........o..............o.......o...
o.o.........o..................................................o..o.......
..................o..o..o..o.......o..o.....o...o.........................
..o.............o.............................o.oooo..o..............o....
o.....o.....o.o....o......o.................o.oo....o...o......oo......o.o
.........o.......o..............o......o...........oo.o.o..........o....oo
.....................................o........................o..o....o...
..................o.........o.oo.o...o.o...o......o................o....o.
...........o..........o.................o..........o.......o.....o........
.....ooo......o..oo..o.....o.....o...o...............o...............o....
...o.........o.....o.....o....o.....o.....o.........o...o....o........oo..
oo....o...o........o..........o.....o.o....o.....o................oo...o..
..o...o....ooo.o...o..o.o.........oo...o........o......o....o.............
.o..............o.....o.....o..............o........o...........o.........
.o..o.................oo..........o.o......o.o..............o...o.........
..............o......................o.o...o..............o..o......o.....
..o.........o.....o..........................o...o..oo...oo..o.o..o.......
.........oo.........o............o.o..o.........o...oo....o....o.o....o...
........o....o.............o......o.....o......o......ooo..o...o..........
oo...o........................o.oo.....oo...o..o...oo......o..............
.........o.o..o.....o.............o........o......................o..o....
.............o....o...............o..o.o...................o...........o..
............o....o..o...o.o.....o........................o.o..............
................................o...o....o....o......o..o...o........o..o.
.......................o...o.........o.......o......o.o.....o..o.......oo.
ooo......o...........o.....................o............o.................
