.o.oooo
oo.ooo.
..oo.oo
.....oo
.o..ooo
ooo.ooo
.oo..o.
.o.o.oo
.o.o.oo
oo.oo..
ooo.o..
oo.ooo.
o...o..
...oo.o
.o.o..o
o.oxxx.
.ooxxxo
oooxxxo
o..oo.o
..o..o.
oo.....
.oo.oo.
.oo.o.o
o...o.o
....oo.
.......
..o.o.o
o.o.oo.
o..oooo
.......
......o
o....oo
o...ooo
o...oo.
.o..oo.
.ooo...
o.oo..o
..o.o.o
..o.o.o
ooo.o.o
.o.oo.o
o.....o
.o.oooo
o...oo.
.oo.oo.
...oo..
..ooo..
..o.o.o
o.ooo.o
.ooooo.
...o...
..o....
.o.....
.o...oo
.ooooo.
ooooooo
.oo.o..
oo...o.
ooooooo
.oooo.o
ooo....
.oo.o..
oooo...
o.o.o.o
..oooo.
..o....
o...ooo
..o.ooo
.ooo...
..o....
o.oo..o
...o.o.
.o.oo.o
...oo.o
oo.o...
.o.oo..
ooooooo
..oo..o
....ooo
ooo.oo.
o.oo.o.
.ooo..o
.oooo.o
...o.o.
ooo...o
o.ooooo
oo...oo
.oo..o.
.o..ooo
oo..oo.
oooo..o
ooooo.o
.o.o.oo
o.ooo..
..ooooo
.o.oo.o
oo...o.
oo.ooo.
..o.o..
ooo.oo.
