....o..o...................o...........o.o.............o....o.......o...........o.....o..o...
...............o...o.xxxxxxxx...............o...................o.......o......o......o...o..
o.......o.o......o...xxxxxxxxo........o....o...........o...o.........o.........o.............
.....o...........o.ooxxxxxxxx..o..o............o.........o.o....o...o..............ooo.......
...........o...o.....xxxxxxxx........o.o.......oo.............................oo.............
...........o..o......xxxxxxxx....o............ooo.......o...........o..o........o..........o.
......oo.o...........xxxxxxxx....o............o.....o.o....o....o....o......o......oo........
.o...................xxxxxxxx..............o..oo.......o........o......o......o........o.....
.............o....o..xxxxxxxx..o..........................o...oo................o.o..o.......
.................o.....oo.........o........oo...........o..................................o.
..........o..............o.....o..o................o.o.....o.........o.......................
...........................................o....o..o........................o...........o....
..o...............o.............oo................................o................o.o....o..
.o.oo.....o..........o.......o..o...o.o..o..o......o..o.........o............................
...o.....o.............o..o...o.o.o................o......o..............o...................
.........................o...o.....o.................o..............o............o...........
..o......o.................o.......o........o........o....................oo.....o.......o...
...........o.........o......o....o.....o...............................o.....oo.o.........o..
.............o.....................o......o...........o.....o.o...............o........o.....
................o.o.....o..oo.....o.........o.........oo........oo...........................
....o.......................o......o..o.............o..........o..................o.......o..
.......o......o.......o....o.o.............................o......o...o.o.............o......
o.............o..o.o.....o..o...o.............o................oo..................o.........
..o.......o......ooo...o.....o..........o....oo.................o......o................o....
.o...o..........o...............o.......o.......o............o...............o..........o....
........o............o...o...oo..o....o....................o...o...........oo.o....o..o......
........o.o..o.....oo...o.oo.......................o..o.......o.....o.......o................
........o.........................o.................o.o...o......o........o...o..........o.o.
..o..........o...oo...........o....o...................o...........o..o.o..........o.........
............o..o..........o....o...............o.o.........o......o.......................o..
...........o.......o..........................oo.o.o..o...o.o.o....o.......o.....o...o.......
.......................o.....o...........o..................o........o.........o.....o.......
o...o....o............................................o.............o........................
.......................oo........o........oo......o....oo......o..........o.....o......o.....
......o.......................................................oo...........o.......o.........
..........o.........oo...............................o...o............................o......
..o.........o.......o.oo....o....o......o.oo..................................o...o..........
o.......o....o...............o....................o..............o......o..........o.........
...........o...........................o....o.......o.o.......oo................o........o...
....................o..o.....o...o............o.................o.......o.oo...o.....o....o..
.o....oo.o......o.o...................o....o............oo..............o.o.................o
...o..............o.oo............................................o..........................
..o...........o.o.........o.............oo.......oo.....................o........o...........
................o..........o..o..................o............o......o..........o...........o
...o......o........o.o...........o.............oo......o............o.......o.........o......
o.......o.....o................o.....o........o....o..........................o...o.........o
.....o.o.................oo............o.o.......oo..........................................
......o.....oo..o..o...................o.......o............o..o............o..o...o.........
......o..oo..o...........................o..........o......ooo............o.......oo.....o..o
..................oo..o......o.o............o..........o.........o......o.o..........o.......
.o....o........oo..o..............................o..........o..o..........................o.
...............o............................ooo........o.........o.................oo......o.
...o...........................o.................o..o.......ooo......oo.....o...........o....
