......o......
.oo....o...o.
.............
o.o..o....oo.
.o...o....o..
..o........o.
.............
...oo........
..o..........
.........o.oo
.............
.............
.......o...o.
...o....o..o.
oxxxxxx......
.xxxxxx......
.xxxxxxo....o
.xxxxxx.o..o.
.xxxxxx.o...o
.xxxxxx......
.....o......o
..oo.........
.............
..o...o......
........o....
.o.....o..o.o
....oo.oo....
..o.........o
...o.......o.
...o...o.....
......o.o....
o..........oo
....o......o.
.........o...
...o.o.o.o...
oo...o...oo..
.........o.o.
...o...o.....
.o.o........o
........o.o.o
.........o...
o.o.......o..
......o......
......o......
...o.........
.o.o..o...o..
....ooo....o.
..oo...o.o..o
.o..o........
o............
..........o.o
.o........o..
......o......
.............
....oooo.....
.ooo.o.o....o
..o...oo.....
