......o....o....o............o............o.............oo.......
........o.o.o.o........o..o..o.......o..ooo.oo..ooo..o.o.......oo
.o.....o..........o...o.o...o.............o.............o.oo..oo.
.o..o.o.o.o.oo.......oo.......o.oo....o..........o....o.oo.o.oo..
........o....o....o..o.....o...o..o...o...o.....o...........o.o..
oo.o........oo...xxxxx..o..o..ooo..................o.....o....o..
.o.o...o.......ooxxxxxoo.o...o.......o.o.oo.o......o......ooo..o.
....o.....oo.....xxxxx........o....oo...oo.....oo.....ooo.....o..
oo....oo...o.....xxxxx........o.o....oo.o....o.oo........o......o
....oo.oo...oo...xxxxx.....o...o..........oo...o..o.oo...o..o....
.o.ooo.....o.oo..o..o..o........oo......ooo...........o.o.o.oo.o.
.....o.........o.....o.o..o......o.o..o.o....o....oo...o....o.oo.
o.o.....o.........o..oo........o......o.o........o..oo....oo.o..o
.....o.oo.o.o....o.o.....o.o.o..o.o..o...oo.oo...o.....oo.......o
.......o.....o...................o.........o......o.oooo....oo...
................o.o.o........o.......o....o......o.....o.....o.oo
...........o....o.......ooo..o.o......o..oo.o....o....o..o..oo...
oo..o..o..........o.o..o.......o.o...............o...o.o.....o.o.
.o..oo..ooo........o.....o..o....o.......oooo.......o.o.o..oo....
o.o..o......o......o...o...o.o....o....o........o...........o.o.o
o...o..oo.o..oooo.o..o..oo...oo...o........o...o....oo...oo......
.....o......o.o..o.oo..oo..........o...o.o....o.....o...oo.o.....
...o.o.....o.......oo...o....o............oo.o.o...o.ooo.o.oo....
...o..o....o..o.....o..........o..o.o...o..o................oo...
..o........oo....o.........o..........oo..o...o................o.
o...o......o.........o.o.........o....o..oo.oo.o.o.oo.......o.o..
...o.o..o.....o.o......o....o.oo...o..o...o...oo.....o....o..oo..
o........oo.oo..o..oo.o...........ooo..o...o...o.o.o.oo..oo..o...
...o...o..o..........oo..o.........o..ooo..o..o..............oo..
.o..o.........o.o........o..o........o.o.......o.o.......o.o.....
.....o....o.o...o......o..........o......o......o......oooo....oo
oo..o..o.o...o....o..................oo..o....o..................
o....o....o....oo....o.......oo.o....o........oo....oo..o........
..o.oo.....o..o....o...oo.ooo.......oo....oo..o...o.........o...o
o..o..........o.oooo...o......o........ooo.o...o....o.oo..o..o...
o..........o......o..oo.......o..o.....o...ooo.o.......oo.......o
.o..oo............o..............o....oo.......oo..o......o......
...o..o......o.o.o....o..o.o.o.o..o.oo.....o..o.ooo.o............
............o......o...o.....o...o.o.o......oo..o.........o..o...
o.....o........o..o..o.....oo.........o....oo........o..o...o....
.oo.o.o..o......o...o.....o............oo.o.........o.........o..
.o.....o...o.....o.o.....o.....o........o........................
.o...oo.....oo....oo....oo....o...o....o...ooo.o...o..........o..
..o....o.....o.o.o.......................o....o.o.o..o...o.o....o
o...............o............o......o..o...o........o.o.o..o.....
........oo.o.o..............oo..o..o...o..o..oo.o.....oo.....o...
....o.......o.....o...o.o.o....o.o........oo...o...........o.....
.o.oo.o.................o..ooo.oo.o..o...o...o.....o....o...o.o.o
..........o...o..o.oooo.o.o......o...o..o.oo....o...............o
.oo..o.....o....o...o.o...oo...........o....oo......o.o.oo.......
.......oo.o.....o..oo.oo.....o.o.....o....o.....o.oo............o
...o.o...oo........o.oo.o.........o..o......o...o.o.o............
oo...oo..o....ooo......o...o.o.o...o.o....o.......oo..........oo.
...oo.o..o......o.oo.......o...........o.oo.o.ooo.o....oo..oo....
..............o........oo...oo.....o....o.o..o.o.......o.o.......
...o.......o..oo..........o.....o.........o.........o.o.o....o...
..........o......o..o.o.oo.o.ooo.......oo.....o..............o...
o.....o..o..................o.o....o..o..................o.......
oo.....o.o.......oo.......o...o......o..........oo.....o.oo..o..o
o.......o.......o..............o.o.......o..oo..o..o......o.o..oo
.ooo......o.oo......o..o......o..o......o.....o...........o......
.....o.....oo...o..oooo.o.o.o..o...o....................oo.....oo
...oo.o.o..o...o.oo....o...........o.....o...........oo...o....o.
..o..o...o....o..o..........o..ooo......o.......o.o..o..o...o.oo.
o....o..o....o....o..o............ooo.o..oo....ooo......o..o.....
........o.............o....o....oo.o..o..ooo.o.....o.o...o....ooo
....o......o.......o..o.o...oo....o..o.....o.o..o......o.........
.oo.......o....oo...........o...oo.o..o..o....o..o..o...o.....oo.
...o...o.o....o.....o...o..o.....o.oo.o..o..........o.oo.o.......
..o....oo.......o.o..o....o...........o.........o.........o.o.o..
o..oo........oo..o...o...o..o.o....o.o...o..........o..o.oo.o...o
..o.o..o..o.o.o..................oo...o...o.....o.oooo..oo.......
o.o..oo..o................o..oo.o......o.........o....o.o.o...o..
.....o........o.....o.......o..o....o.o...o....o.o.....o.....o...
.....o..o....o....o..........o.....o...o....o.......oo.........oo
