.............oo.xxxxx.o..........
........o..o....xxxxxo.........o.
.............o..xxxxx.o.o.o......
..o............oxxxxx...o..o.o.o.
.o....o.........xxxxx............
