o.xxx.o........o.o.......oo.o.oo..........oo.
.oxxx...o...oo..............o.ooo.....o...oo.
ooxxxoo..oo..o.o.oo..o.oo....o.oo.o.o..o....o
.....o..o...o..o.o.......o.o.o..o.o.o..o.o...
..o..o....o.o....o..o..o..oooooo..o.oo.o...o.
.....o...o..o.o..........ooo...o..o..........
ooo..oooo...oo....oo...oo..oo....o....oo...oo
o..oooooo.o.o....oo.......o...............oo.
..oo...o.....o..oo..o....ooo......o.o......o.
....o.o.....oo.o...o........oo.oo..oo.....o.o
.oo.....o..o....o.o.o..ooo..o.o....ooo.oo.o..
oooo.o.......oo.oo..o..o....o..o...........o.
oooo.o.o..ooo..o..ooo..o..o......o..oooo..oo.
....o........o...o..o.o.o......oo....o.oo....
.....o...o....o.o.....o.o..o.o..oo.........o.
......oo.ooo.ooo.....o.o..o..o.o...oo.....oo.
