..ooo......o..........o.........o..oooo.....o.o.o.o.o...o.o..oo....o.o.o...oo..o.oooo.oo....o...
o.o.oo......o.........oo..o...o.o..o..oo.o.ooo.....oo..o....oo..........o.o..o.oo.o..oo.oo..o..o
.o...o.o..o.o.o...o.o...o..o.o..oo......oo..o...o.......o....o.o...o.o..o..o....o..o.ooo....o.oo
...oo....oo.o...o..o.o..ooo...o......oo....o.o.o.o.o...o...o..o...o.ooo..o......o...o.....o.....
..o........o...ooo..o....oo.o..o.ooo.oo..oo...oo.............o..o.......o...o.oooo.o....o.......
o..o..o.................ooo...oo.......o...o....o...o.o........o.o.oo....o.ooo.o........o...o.oo
oo.o.oo.oo.ooo.o..oo..o...o.o.oo.ooo..o......o.o..o....o.....ooo.......oo.o................o....
.....oo.o.....oo.o..o....o....o.o...o.oo.......o....o...o....oo.oo....o...o...o...o........oo.o.
....o........ooo...oooo...oo..o..o....oooo........o.....o...ooo..o...oo..oooo..o.......o.o.oo...
oo..o.o..........o..o.oo..ooo.o....oo........oo..o.....oo.o..o..o..ooo.......oo...o.o.....oo.o..
....oo..o.ooo....o.o.oo.o.oo.o.o.o..o.o.o.o.......o......oo..o....oo.ooo....oo..o.o........o.ooo
..o...o.......oo......oo.o.o....o........o....o..o..o........o.oo....o.o.......oo...o.o.o.o.....
o........o..o.o.oo..o.....o..o..o......o.o.....o.oooo....oo.o..o.....o...oo......oo..o.oo...o..o
.....o..o.......oo.........ooo...o..o.......o....o.o....oo.o........o.o.o....oo..o...o.....o..oo
.oo...o...o.o.oo....o....o.....oo...o...o.o....oo..oo.o.o.....o..ooo.o.o....o.o.....oo.o.oo...o.
..o....o.o..o.........o.o..oo.ooo......o.....o........o.o..o.....o.....o.....o........oo..o....o
o....o....o.o..oo..o..o..oooo.o.....o.o..o..o...ooo..oo..o.ooo...o.........oo.oo...........oo...
o...o.o...ooo.......oo....oo.oo....oo.ooo..o..o..oo..........oo.o..o...ooo..o....oo.....o..o..oo
...oo...oo.o.......o....o..o.o.o..o.....o..o......oo...o..o..o.o.....oo..........o....oo......o.
....o...o...o.o.o.o.....o..oo..oooo.o.o..o....o..oooo..............ooo.o...oo...............o...
.o...o........o.......oo..o.oooo.........oo.o....o...oo.o....ooo..o.oo.ooo.....oooo..ooo.o.....o
..o.o.....o.ooo........o.o....oo..o.....oo.oo.oo....o...ooo..o.o...oo..oo..oo.oooo.oo.o.......oo
o...o.......o.o...o.......o.ooooo.oo......oo..o.o.ooo..o.o.......oo..o.oo.o......o.o.......o..oo
.o..o...o....o....o......o.o.oo.oo..oo.....o..o.oo.o.o.o..o.......o.o..o..ooo.oo.ooo...oo.o.o.oo
..oo....oo.oo..o..............o.ooo..oo......o..oo..o......o...oo....o.....oooo..o..ooo.oo.....o
o....oo.o..oo......o...o..ooo............o............oo..o..o..o.ooo...........o.....o........o
..o.....o.o.ooo....o.oo.o..oo.....ooo..o.....oo......o.o..o.oo...oo.o....o.o...oo..o...oo...oo..
oo....o.o.o.o.oo....o.oooo......o.o..oo..............oo....oo.o.oo...o....o........o........ooo.
...........o..o.o.o....o.......o....o..o.o.o...o....o...oo..o.o...oo..o..ooo....oo.o......oo....
....o..o..o..o.o...oo.o..o.....oooo..o.......o.o...ooo....o...ooo.o.o..oo.oooo.ooo.oo.o...o....o
.o.o..o......oo..o.........o....o.o.o....o...o....o....o............o..o..o..oo.o..oo.o.o.....o.
ooo............o.....o.ooo...o......oo..o.o.o...oooo......o.oo....o...o..o.oo.......oo..........
.o.o..oooo..o.o...o.........o..o.o.ooo.................o.o.........oooooo...o...o..o..oo.oo.oo..
...o..o.ooo.o.o....oo.........o.oo....oo.o.o..o.o...oo.o.oo...ooo....o.....o.oo.oo.o.......oo.oo
o.o.oo.oo....oo..........o...oo.oo...o......oo....o.......o...o.oo..o......o.....oo..o.o.....o..
o.....oo..o...o.........oo.oo.o.o..o........oooo..o..oo...oo.....ooo.o.oooo.....o...o..o....o...
oooo.oo..oo....o.oo..oo.o...o.o.......o...o....oo......oo.....o.....ooo....oo.o......o.o...o.o..
o.......oo..o.oo.o...oooo.......o....oo.oo....o........o...o....o......o..o..o.oo.o..o.....ooo..
o....ooo...o.....oo.oo...oo....o.oooo.o...o.....o.o.o....ooo....o....o..o.oo...o.o..o...oo..oo.o
.......o.o....o.o.o.......oo....ooo.o.o.o.ooooo....o.....oo...oo.oo......oo.o..o..o...ooo.o.....
...o.......o.......o.oo...o.......o......oo.o...o..o.o..ooo...oo..o..o....o.o..oo..o.o..oo..o...
...oooo..o...o..o.......o.o..o..oo..ooo....o..oo.o....o.o...oo.o..ooo.o.o...oo.........o........
oxxxxx.....o.............o......o.o..o.o...o..ooo.o...o............o..o........o................
.xxxxx....o...oo..o............o....o........oo...o.oo..o.........oooooo....o.o.o.o..oo...oo....
.xxxxxo..........ooo.o.o.oo...o....oooo..o......o.......o..o.o...ooo.......oo..o..o...ooo.o.o...
.xxxxx...ooo...o...oo.o.o......o....oooo......o..o.o.o...o.......o.....oo..o.......oo.oo.....o..
oxxxxx...o.oo.o..o.o....o.o.....o..oo...o.o....ooooo.o.o...o.....o.o.o..o..oo..o..o..........o.o
.o.....o...o..o.ooo.oo.o.......o..oo.....ooo..........oo.....o.........o.oooo...o..o..oo.....o..
o.oo...o..o.....o..o..oo....o.o.......oo..o................oo.o....o.........o.o...oo..oo.....oo
......o...oo........oo......o.ooo...oo....o.o...o.o.o....o..o.o......o.....o...o...o.oo..oo....o
.......o.ooo......o...o.....o..oo....o.o......oo..o..o.oo.......o...oo........o.....ooo...o.....
.o.o...o...o..o........o.......o...o.o....o.o........o..oooo...o...o.o..oo...oo..o.o.o.o.....ooo
....o..o......o..o.oo..o...o...o.....o...o...o..o..ooo.o..oo.o......oo............o.o..oo.o.o..o
o.o...o.ooo..o.o..oo..o.o.o..o..o.........o...ooo.......o.........o.o.......o.oo..o.....oo.o....
o....o....o.o..o....oooo.o.o.o..o....oo..o.........o...oooo..ooo...o..oo...o.....ooo..o...o.ooo.
o....o.....o.o......oo.o..oo..oo.oo.o.......o..........o.....oo.oo..o..o...oo.oo.o..oo.o.o....o.
oooo.o.....o...o.o.o..o..o......oo..o.........oo...o....o.o...o.........oo....o...o..oo..o...o.o
.o..o....o.o....o....oooo..oo......o.o...oo...o..ooo.o...oooo.....o.o.oo...o...o.o.o....o...oo..
o..oo...o.......ooo...o..o.....oo.o..........oo.o.o........o.o.ooo......oooo...ooo.o...o.oo...o.
..o...............o....o.oo.oo..........o.o...o.o........oo...oo.o...ooo.oo....o.o..o.o.......o.
.....o..o.o.o.o.......ooo..o....o..o...oo.o.o.o..o....oooooo..oo...o...o...oo...o.oo.......o..o.
o......oo..o.o.oo....o..ooo.o...o..........o.o.o.o.....ooo....o.....o..............o.oo..o......
...o....ooo................o.oo.o...o...oo........o.oo...o.o....o.o......o......oo.ooo...oooo...
.o....o..o...oo.....o......oo............o.ooo.....o.o...oo.....oo.......oo.oo...o.oo.oo...o....
.....oo....o.o...o.oo...o...o......o.ooo..oo...o..oo.o.o.oo.....o...oo....oo...........o...o...o
.........oo.o...oo..o..o...o..........ooo..oo..o..o..o..o..o.o.o.oo..o.o.o.....o...ooo..o.oo.oo.
o.o....o....o...o.o.....o.....o.o.oo..o.....oo.oo...o...o.........o.oo....oo.oooo...o...o..oo...
.oo..o..o..o..oo.......o.oo......o.....ooo...o...o..........o.o....oooo.o...o....o.....ooo......
..o..o...oo..o.o...o...o..o..o..o......o...o..o..o.........o..oo.oo.o..o..oo.oo...........o.....
.....o.....ooo..ooo...o.ooo.oo.o...oo....ooo...o..o...o.......o..o...o....ooo......oooo....o....
.o..oo.o.......o.ooooo..o.o.o..oo.....o.o.oo.o...o........o.o..o.....o.....o....o...o.oo.....o..
