...o.......o.oo......o.....o.ooooo.o..ooo..o.....o
......oo...oo.oo......o..oo..o........o..o.o.o....
oo.o..o.o..o...o.o.o..o....o...o..o........o.o...o
....o......o....o..o...o....xxxx.o.oo.oo.oo....oo.
.o....o.o.....oo.o.o..o....oxxxxo...ooo.o..o.....o
o...ooo.o.oooooooo..o.o..o.oxxxxo..o..oo..o.o.....
.o..o......o....o..o...o....xxxx..o.o....oo.ooo.oo
.o.o..o.oo.o.....o.....oo..........o...oo..oooo...
......oo.........o.o...o.o..o..o.o.o....o.o.o....o
.o....oo....o...o...o.o.oo....oooo......o.........
.o.....oo.ooo..o.ooo..o...o..oo.o..ooo..o.oo......
o.o..o..o..o....o.o.o....o.......o...oo.o..oo.o..o
........o........o.oo.o....oo.oo.o..o.oo..o.......
ooo...o..o..o..o.o........o.ooo.....oo...o.o..oo.o
.o...o....o...............o.o..o......o..o.o.o.o.o
o....o..o...o....o.....o.oo..o.oo..o.o..o.......o.
o.....o........oo..o..o..o.ooo.....o..o....oo.oo..
..o....ooo.oooo.ooooo..o.o.o..ooo............oo.o.
...........oo...o.oo..oooo.o.o.oo.o..o...oooo...o.
o...o.o........oo.oo....o.o.oo.....ooo......ooo..o
o...............o....o......o..oo...........o....o
o.o.........o.o..o..o..ooooo...o.oo.........o...o.
oo.....oo.o..oo.o.......o.o.o..o......oo.o..ooooo.
oo..ooo...o.o...o..oo..........o.o....o...........
.oo.o..oo.o......o.......oo...oo..o...oo.o.o....o.
...o.o.oo.oooooooo.oo..............o.......oooooo.
.o.o..o....o..o..........o........ooo...oo......oo
...o...o.ooo.........o..o.ooo...o........o.o..oooo
.ooo.oo.oo.o.o.oo.oo.oo.o.................o...oooo
...o..o.oo...o.....oo.o...ooo......o...o.o...o.o.o
.o.........oo.ooo.ooo......oo.oooo.ooo..o....o....
.....o..o.......o....o.o.o.o..o.....o...o.......o.
o...ooo.....o.o.o.ooo..o.ooo.o..o.o.o.ooo....oo...
o..o.....o...oo.o........oo.o.oo.o..........o.....
.oo.oo.o...oo.oo.o....o.o.ooo.o.....oo..o.oo...o.o
....ooo..o..o..o.....o....o.o.o...o.o.........o..o
.o.o..o.o.o.o..o.o..o..o.o...o..o......o..o.o...o.
o.o....o.o...o.o...oo..oo...........o.oo..oo.o.oo.
o...o....o........oo.....o..o....o.o...oo.oo...ooo
.........o.....o.......o..oo..o...ooo....o..o.o..o
.oo..oo..ooo..o....oo.oo.o..o.o.o.ooo.o.o..o..o.oo
o..oo..ooooo.o..o......o.oo..oo..o....o....oo.....
.o.ooo.....o......o.....oo....oo..o.........o.o...
.o.....oo..o.ooo.oo.oo...ooo.....o.o...ooo......o.
o.oo......o.....oo...o.o.........o..ooo..oo..oo..o
..oo..ooo....oo...oooo.oo......oo.o.oo....o.ooo...
......o.........o.o.o...oo.o........o.o..o..oo..oo
o.o..ooo..oooo..o.oo.o.oo........o..o.oo..o...o..o
o.o...o..........oo..o....oo..o..o..oo..o....oo.oo
..o....o...o.......ooo.o.o......oo....o.ooooo..o..
..o...o....oo......oooo.o.oooo..o..ooo....o...o.oo
....o.o...oo.....oo...o..o......o.....o.o.........
.o...o.......oo..oo.o...o.oo.oo.....oo...oo.ooooo.
