o.o.oooo.....ooo...
...oooo........o...
.o....oo.oo..oo.o..
oo..ooo....o.o.oo.o
o...oo....o........
o..o.oo.ooxxx.o..oo
o...o..oo.xxxo..o..
o........oxxx.oo.o.
...o....oo......ooo
o........ooo.o.oo..
.o...oo.ooo.o.oo...
.o.o.o..o.o..o...o.
o.ooo...oo....ooo..
o..oo..o..ooo.o...o
