.o.o..o.o.o......o..o.o.o..o...oo.o..o...o
o...oo...oo...oooo.....oo...o....o.o...ooo
...o.o..o...oo.o....o...o..ooo...o...oo...
......o....o..o...o....oo.o..o....o.....o.
oo...o..oo...o...o...o..o......oo.o.ooo.o.
o....o.o.......oo........o.oooo.o.ooo..ooo
...o.o.oo..o..o.....o......o.........o.o..
.oo..oo.o..o..o.................o..o...ooo
.o.o.o...o...oo..o..o..o......o......o....
.....o.o.o.oo..o.oo.o.....o...o..oo......o
.o..oo......oo.o..o..o.o.oo..oooo......o..
...o..o..o.....o.o.o..oo.o...o.o.o..o.o..o
oo...oo........ooo..oooo....o.o.o..o.oo..o
....o.o....oo.......ooooooooo...ooo.o....o
...o.o..oo...o....o.......o......o..o.oo.o
o...o..oo..oo.o.o.oo..........oo...o....o.
oo......o.o..oo.....oo..o.o..oo.....o..oo.
.o........ooooo....oo...............o.o...
o...oo.....o.o.o..oo..ooo....o........o..o
o.o.o..o...oooo.o.ooo...........o.o.oo..o.
.o.oo......oo.o....o..o.o.o..o.....oo.o...
...ooo.o..oo..ooo.......o...o.........o.o.
o..o...o.o...o.oo..o.ooo.....o...o.o.oo.o.
.....o...oooo..o...oo....o...o.....o..oo..
o....o.o...o..ooo...o.o.......o..o.ooo..o.
o..o..o...o....o..o.o....ooo.oo....oo...o.
..........o.o......ooo..o.......ooo....oo.
..oo.ooo......o.oo...o............o.oo..oo
o..oo.......o.o.o.o.o...ooo.o..ooo...o....
oooo.o..ooo..o.o......o.o...o.o.....o...oo
....o..oooo.oo.o.oo.ooooo...oo..o..oo...o.
....oo.......o...o..o..o......o...oo.o....
o...oo........oo.o..oo....o.oooo.......o..
..o..o.o.o....o......oo.o..ooo..oo.o....o.
o.o...o..o.oo.oo...o....oo.........oo...o.
o...........o.ooooo..o...ooo..oo.o.....o..
o..oo..oo.ooooo....xxxxo....o.ooo.oo.ooo.o
..o.o....oo..oo.o..xxxx.o.oo..oo.o...oo...
.o..o.....o...o...oxxxxoo.oo.o..oo..o..oo.
o.o...o.o....o.....xxxx.o.o.o..o....o..ooo
...oooo.....ooo..o..o..o......oo....ooo...
.o....o.o..o.......ooo...o.o....o..oo..o.o
o.oooo..o.....o....ooo..o..ooo....o....o..
..o....o.o.oo.o..oo..o..oo.o........oo....
....o.o.oo.o.o.o.oo.o..oo.oo.o..oo...o....
oo..o..oooo...oo.o...o....o....ooo........
.oo......oo.o.......ooo..oo...o.o...o.o.oo
o...ooo...o...o.oo.oooo..o.o......oo.ooo..
o.oo.o...o......oo.o...o..o.o.o..o.....o.o
.o..oo...o.oo...o...o...oo.o..oo...o.o.oo.
.o.o.oo.o...ooo..o..o.o..oo.ooo.oo...o....
oo....o.........o...o.ooooo.oo.oo..o...o..
.o.o....o.o.ooo....oooo.....o..o.oo.......
.o.o...o...o...oo.o.....o.....o.oo.o.o.ooo
.oo..ooooo......oo...o......o.o..o..o...oo
o........oooo.o...o......o..ooo..o..o.oo..
ooo.o...o...o.....o......o..ooo....ooo.o..
....o...o..oo...oooo......oo..o.o.o.o....o
.oo..oo...o.o.o..o.o.o.o.....o....oooo...o
o.oo.....o....o...o......oooo..o...o...o..
o...oo..o....o.o.....oo....oooo..o..o.o..o
....o.......ooo.o....o.o.......o.....o...o
o..oooo...o.....oo.o..o....o...o.o.o......
ooo.o.oooo.o....o...o....oo.o...oo..oo.o..
..o..o....o..o......oo..o.o.o..o..o.o.....
oo..o....o.o.o.oo...o.oo....o.o..o.....o.o
.....o.ooo.o.o.o.o..o.o..o...o.o.....o...o
..o..o.oo...o.oo.ooo....oooo.o.ooo...o....
oooo...o....o.o.o.ooo...oo...ooo.o.o.oo...
o.o....oo.o....ooo.o..oo.ooo.o........o...
......ooo.oo.oo....o..o.......o.o...o...o.
oo...o....oo......o.o..o......o.o...oo....
....oo.o.o.....oo...oooo...o.oo..oooo.....
......oo.o.....o..ooo...o..o..o..ooo....o.
..o.ooo.o..o.....oo..oooooooo...o.....oooo
o.o...o....oo....o...oo.....o....o.....oo.
ooo..o.oo...o..o....o.o..oo......oooo..o..
....o.....ooo.....o...ooo...........o...oo
oo...o....o...o...o.oo......o.....ooo..o.o
oo........o..o..o.o.oo.o..o..o.o.oo..o...o
.o....oo.o.........o....o.o...oooo.o.....o
..o..oo.......ooo.o...o..o..o.o......oo...
o.o...........o..o..o.o.....oo...o...ooooo
.o.........oo.oo.oo...o.o..oo.o........oo.
......o.o..oo.oo.ooo.o.o....oooo........o.
...oooo...o.o..ooo.o....o.o....o...o..ooo.
.....oooo....o..o....oo.oo.o.o....o.o.o..o
.......o.ooo....o.oo.oo..o.......ooo...o..
.o.oo.....o..o.ooo.ooooooo..o.o...ooo..o..
...o..ooo.o........o..ooo.o.ooo..oo.o.o...
.o.o.....o..o...oo.oo.o.oo..o.o.......oo..
.ooo......o.oo......o..o...o.......o....oo
.o.....oo...o.o.ooo...o....oo...oo...o...o
..........o.o..o...oo.......o...o.oo..o...
....oooo.o.oo.o..ooo.o..o..o.o..o..oo.....
