..oooo.o.o.o..o.oo.....ooo.oo....oo...o........o..o.ooo.
.o.o.o.o...........oo..oo...o.oo....o.oo..oo....o.o.oooo
o.o..oooo.oo.o.oo.o..oo.ooooo.o.....oo.....o.o.o.....oo.
oo...o.o.o..o..o.o..oo.....oo.o.ooooo..o...o.o..o..o..oo
o.o..o.o..oo.oo....oo..oo....o...oo.ooo..ooo.oooooo....o
o....o..oo.o.o.o.oo..ooo..o.o.oooo..ooo.oooo...oo....o..
...oo....o.ooooo...oo..o.o.o..ooooooo...o..o..ooo..o.o..
o...o........ooooo.o.o...o.....o........o..oo.oooo.o..oo
..o.o...o..oo.oo.o.ooo.oo.....oo.o.o...o...oo.oo..o.o.o.
.o.o.....oooo....o...oooo....ooooo.oooooo..o.o..oo...o..
.o..ooo.......o..oo...o...o.o...o.o....o.o..o.o...oo..oo
o..oo.....o.o.o...oo.o.o.o.o.ooo......oo...o.ooo..o.o...
o.o.o..oo....o..........oo..o.oo.....oo.......o.ooo.....
oooo.o.....o..oo.o..o.o..oooo..o.o.o..o..o.o...o...oo.o.
....o..o.oo..o.o.ooo.......o.o.o...o..oo.o.ooo...o.oo.o.
oo...o.o..oo.o.o....oooo...oo.o.o.o..o...ooooo.oo..ooo..
oo.o..ooo.o........oo...oo........o.o..o....o....ooo.oo.
.o.oo...oooo.oooooo....oo..oooo..o...o.o.oo.oo.o.xxxx..o
.o..o..o.o...ooooo....o........o...oo..o.o.oo.oooxxxxo..
o..o.oo.oooo.o...o.o....oo..o..o..oo.o..o.o.ooo..xxxxo.o
...ooooooo.ooooo....o...ooo.oooo..o.o...ooooo.oo.xxxxo.o
.o...o.o.......o....o.o...oo.o..o..o..o.o.o.o.ooo.o..oo.
..o..o....o.o..oo.oo......o.o...o......o.....o..ooo...oo
..o.o...oo.o.o...o.o.oo.o..o...oo.o...o.oo..oo....oo...o
.oo...oo.o...oo.ooo..ooo..o..o...oo.o..oooo......o.o.oo.
..o...o..o.oo.o....o.oo...ooo....ooooo.oo...oo.o.o.o..o.
o.....o.ooo.o.....oo.oo.........oo.o.o..o..oo.o...oo.o.o
o.o.o.oo.oo...o.ooo..o.o...o.oo.o......o.o..oo.....o...o
o.oo..oo.ooo.o..o.ooooo...oo.o.o.....oo...o.........o..o
o.oo....oo.o..oo..ooo.....o.ooo....ooo.oo.....o.oo.oo...
.oo.oo..o...oo...o..o.....oo.......oo...o...ooo...ooo..o
.o.oo.oo...o.o.o...oo..oo.....oo....o..oo.o...ooooo....o
..o.oo..o....o..o..ooo..o...o..o..o...o.o...o..o.....o..
...oo..oooo.oo.o.ooooo.o.o.o.o......o.o.o.o.ooo..o.....o
ooo.......ooooo.o.oo.o....o.....o.o..oooo.o.oo.....o.oo.
o..ooo.ooo.ooo..oo...ooo........o.o...o.ooo.oo..o.oo.ooo
oo..o.oo.o.o...o...ooo.o....o...o..oo..o...ooo......o..o
..o.oo..o.o....oo.oo..o...o...ooo...o...oo.oo.oooo.o.oo.
..o.oo.o.o..oooo...o.o......o..o.oo...oo..oo.oo..oo...oo
..o..o..oo.oo..oo..ooo.ooooo.o.o..oo.o.oo....o.o.oo....o
...o.ooo.oo.o..oo..o..o.oo.....oooooooo.ooo.o..oo.o.oo..
.oooo..oo........o.o.oo.o..o..ooo.o...ooo.oo.oooo.......
.o...o......o.o.o...oo.ooo..o.o....o..o...o...o......ooo
oo.ooo...o.ooo..o....ooo.o..oooooo.o.ooooo.o...o.ooooo.o
..o..oooo.ooooooooo...o.oo...o....oo...o..o...oo.o...o.o
oooo...ooo..oo.oo.ooo.o.o.o..o.ooo.o.ooo..ooooo..oo.o...
.oo.o.oo.o....o..o..o.o.....o.o......o.ooo.o..o..o.ooo..
oo..ooooo..o...ooo..oooo......o..oooo..oooo..oo.oo.....o
...o..o.o..o.o.....o...o...o.oo.o.o..oo..ooo.o..oo..oo..
...oooo.....o.ooo.ooooooo..ooooooo...ooo.........oo.oooo
ooo.oo...oo..ooo....oooooo.oo.o...oo.oooo.oooo.ooo.....o
..o.ooo.o...o..oooo.o.o..o.o..o.oo..oo..oooo..ooo...o...
.o....oo.o.oo.oo...oo.o.o...o.o.oo.o..ooo.o...o.ooo.oo..
