.....o.......o............
....o......o..o..........o
...........o......o.......
....o.....................
.o........................
........o.................
..........o..........o....
..............o....xxxxxxx
............o......xxxxxxx
....o........o.....xxxxxxx
.o................oxxxxxxx
o.................oxxxxxxx
........o..........xxxxxxx
...........o.......xxxxxxx
o......o..................
......o...........o.......
.................o..o.....
.....o............o.......
...............o..........
......o...o.......o.o...o.
..........................
......o................o..
.........o..o.............
o.........................
.....o.o........o.........
o.................o...o...
.....................o....
...o.............o........
.........o..o..o.o........
.............o.........o..
......................o...
..........................
....o.......o.............
.......................oo.
...................o......
...o.o........o...........
..........................
..........o...............
............o..o....o.....
.o.......o........o.......
..o..........o............
