..o........o.......oo.................o.o.....o.
.o.......o..o....o..........o.ooo.....o.o.......
....oo.o...ooo.......o.o.o..o...o..o.......o....
...o.oxxxx..oo.oo.....ooo..o.......ooo..o.......
......xxxx..........o...................oo.o.oo.
o.....xxxx................ooo..o..o......o......
....o.xxxxo..ooo................oo...o.o......o.
......o.o.o........o.o.....o..o....o............
