...o.xxoo...o....oo..oo...o..ooooo.o.
o.o.oxx...oo...o.o.oo..oo....ooo..o.o
.o.oooo....oo...o.oo.o.o.o..o.ooo.oo.
...ooo..oo.....ooo.oo..ooo...o....o..
