o.oxxx....o.........
o..xxx...o..o.ooo.oo
..oxxxoo........o..o
.....oo....o....o...
o..o.oo........o..o.
o......o.o.oo.ooo...
..o.ooo........o....
..o.o.....o...oo....
