xx.o.oo.o.........oo.oo..o..oo.....o..oo.o.o.oo.o.o.o..oo.oo....ooo..o
xx....o..o.ooo......ooo.......o..o.o..o.ooooo..o...o.o...oooo....o....
