.....oo........o.....o.o.....o............o.ooo
..oo.o..ooo..........oo........o.oo..ooo.ooo.o.
...o....o..oo.........o....o....o....o...o..oo.
..o.o....oo...oo..o.o..o....o....o......o..o.o.
.o.o.ooo....o.......o.o.oo..ooo...o.oo.o.oo....
..o.o...oo.o.oo...o.o.o.....o......o...o...ooo.
....o..o....................o...o....o....o.o.o
.o..o.o...o...o.o..o...oo....oo..o..o...ooo....
...o....oo..o....o..o....o.oo...o.o...oo.oo..o.
..o...o..o......o..oo.o.o.oo.....o........o....
.....o..o.o............oo..o..o..oo....oooo....
o....o......o...o.oo....o.o..o..oo....o.o......
..o..o..ooo..o...oo...o......o.....o........oo.
o.....o....o..oo..oo.o..o....oo.ooo.o...o.oo.o.
..o.ooo.......oo..o....oo.ooo.....ooo....o.....
.oo................o....o.....oo.o...oo.o.oo...
....o.o...o.oo.....o....o...o........o.....o.o.
o.oo......o.o....o..oo..oo....o..oo.oo.........
......o.......oo..o...o...o.o.......oo..o..ooo.
oo..o...o.....o.......oo.o....o...o.o...o...o..
..o..o....o...o...o.....o..o......oooo.........
......o...o.......oo.....o.o..o...............o
..o...o..o.oo..o.oo.o....o.o....o....o.o.......
oooo...o........o.....oo........ooo...oo..o.o..
..o......o.o..o..o.......o.ooo.oo.o...oo.o.o...
.o......o.o..o...o...o..o.o........o.......o...
..o.o.....o..o....o.oo......o...o....o.o.......
..oo.o...o.....o............o...xxxxxo.o.o.....
.......o......o.....o....o.oooo.xxxxxo.ooo.o...
.oo........oo...o...o...o..ooo..xxxxxo.ooo.oo..
...o.o..oo...o.o...o......oo.oo.xxxxxoo.oo..oo.
o.o.o......o.o....oo....oo.o.oooxxxxxo...o...o.
o.o....o....o..oo.....o......o.o...oo....o....o
o.oo....o....o.o...o...o..o....o.o.oo.o.o.o....
...........o....oo.o..o....o.o.o.o..oo.........
o..o...o.....o...o.oooo.oo........o..........o.
......oo...o.....oo..oo...o.....o.o.o.o........
o.o.o........oo..o..o.oo......o.o.o.o...o......
..o.o..oo....o......o.....oo....o....o..o.o...o
..o....ooo.o.o........o....o.o...o.........o.o.
.o..o....o..oo....o...o.o..o.o.o.o...o..o....o.
o..o......o...........o.o........o....o........
o....o......oo........o.oo.o.....ooo.o.........
o.o.....o..o....o.............o....o...o.......
o.o....oo...o....ooo.........o....o....o..o....
o.oooo.......o..o.....oo...oo.oo.....ooo.o.....
........o..o.....o.....ooo....o...o.o..o...o.oo
...........o.......o.o....o.o.........o..o...o.
oo..........o..ooo.o.o..o...oo......o.....oo..o
..o.oo......o.o..........o...o..o.o............
...o.o.o.o.o..o.o.o....o......o.o.....o..oo..oo
.o......o.o.ooo...oo..o.ooo.oo.o.oo.o..oo.o..o.
..o..o..o.o.o.oo......o......ooo..o.oo....oo...
...o...o.o...ooo.oo.....o....o.o..............o
..o....o......o.o..o.........o..o..o...o...oo.o
.o.....o..o..ooo..o......o.o.......oo..o....oo.
o...oo..oo.o....o.....o...oo....o.o......oo...o
..o..oo....o...................ooo..o....o...o.
oo.o...o..oo.o.....o.o...o....o....o..oo......o
o.o....o....o..o...oo.....oo.................o.
..o..o.......o....o..o........o.o.o..........oo
...o...o.......o.o...o....o...ooo.oo.....o...o.
o.....o......oo...oo.o.......o....o...o...o...o
