.o..o.o.o..o...
oo.oo.oooo.o...
........ooo.o..
o..o.o.....xxxo
......o.o..xxxo
.....oo...oxxx.
.ooo..o..o.o...
.o.o.oo...o...o
o...oo....o.o.o
.....oo....oo..
.....oo...o....
oo....o..o.....
o.o..oo.ooooo..
..oo.o..o......
..o..o...oo....
..o.o.ooooo...o
o..o.oo.....oo.
..o........o.oo
...o..o...o..o.
.o..o....oo....
.oo.o....ooo...
o.o.o....oo...o
......o..o..o..
.ooo...........
.......o.....oo
..o..o......ooo
.o........oo...
.oo..o....o..oo
..o....oooo.o.o
..o.........o..
.o...oo.o..o..o
.oo..o.ooo....o
.........o.o.o.
.o......o.....o
.oo..ooo.o.....
.o..oo...o.o.o.
........oo..o..
o....oo....oo.o
.......o...o...
..oo..oo.....o.
.....o..oo....o
...o...o.o....o
.....o.o..o...o
oo.o.o...oo..o.
.o.o..oooo...o.
....o.ooo....oo
...oo.......oo.
oo.o.......oooo
........o.oo.o.
....oo....o....
.oo.ooo...o..oo
o.o............
...o...oo.o...o
o........o....o
....o.oo......o
.o...oo.....o.o
.o...o...o.....
...ooo...o.o..o
...oo.oo..o..o.
o..o.oo.......o
........o.....o
o.ooo.ooo....o.
ooo.o....o...o.
o...o...oo.o.o.
o.o....o.oo....
......o..o.oo.o
ooo.oo.....o...
..oo....oo.....
.o.ooo......o..
oo.......oo..o.
oo...o.........
....ooo......o.
o.........o..o.
....oooo.....o.
..o..oo..o.....
.oooo...o.o.oo.
..o..o...o.....
oooo.oo.....o..
o.o..o...oo..o.
oo.......ooo.o.
..oo...oooo.ooo
...o...o..o...o
.oooo.....oo..o
o...o.....o.o..
........oo.o.o.
oo.o.......ooo.
.o...o...oo...o
oo..o.oo..o.o..
...oo...o......
....oo..o...ooo
..o.oo..ooo..o.
..o....oo.o....
.o.oo.o........
..o...o...o.oo.
oo...oo..o.....
..oooo..o.o.o.o
....ooooo...o.o
............ooo
