o.oo.ooo.o.oo...o.....o.o..oo.oo.o.o.o.oo.o..o
o.oo...o.o..oo.oo.o...oooooo.o...o..o......oo.
.ooooo.oo..ooo.oooo.o.o....o..o.......ooooooo.
o.oooo.oo.ooo.oo.oo.....ooo.o.oo.o..o..o.oo.o.
oo...o.....oooo....oo.ooo.oo.ooo...o..o....ooo
oooo.o...oo.oo.o..oo.oooooooo.ooo.o..o..oooo..
o.oo..oo.oooooo..oooo..o..oo..oo...o...o..oo..
..oo.ooo..oo..o.o...oo..ooo.o..o..o.o...o.o.oo
o.o.oooooo.o....ooo.o.o.oo.o.o...o.oo..oooooo.
.o.o..ooo...o.ooooo.o..o..xxxoooo..oo..o.oo..o
.oooo..o..o.......o...ooo.xxxoo..o.ooo.o.o.oo.
...ooo.o..o..oo.o..o...oooxxx...oo.o.ooo...o.o
.oo..o.......oooo..o..oo.oo..o.o.oooo..oo.o.oo
o.o.oo...ooo..ooooooo......o.oo..ooo.ooo...o..
o..ooo.o....ooo.o.ooo.o.o....ooooooo.......o..
o..ooooo.....o....o.o.o..ooooo.o..o.o..oo..o..
o.o..ooooo..oo............oo...o..oo..ooo.oo..
oo.o.......o.....o.oooooo.oo..o.o..ooo...o.o..
.....oo.o.o.ooooo..oo.ooo..oooo.o...o.ooo.....
o.oo...oo...ooo..ooo.oo....o...ooo.oooooo.o...
....ooo..o.oo.oooo.o.o..ooo.o....o...ooo.o.ooo
oo..ooooo.o.ooo.o.o..ooo.o....o.ooo.o.o.o.oooo
....o.o..ooo.oooo.o...ooo...o..o..o...o.o.o...
.o.o..o.o...o...ooooo...o..ooo..oo..o..o..o.oo
.oooo...oooooo...ooo...o...o.......ooooo.....o
.o.oo.o.ooo.ooo.o..o.o.o.oooo.o..o.oo..ooo....
.oooo...oo.oo.......o..o.oo.o.o.oo.oo..oooo.oo
.o..o....o.....oo.oo..oo...o..o...oo...o......
oo..ooooo...ooooo..ooo..oo..ooooo...o.o....oo.
.oo..oo.oo.o.oo.oo.......oo.oo.oo.o...ooooooo.
o.......ooo.o..oo....o..oooo.oo.oo.o...oo.....
ooo.ooo..ooooo..o....ooo.o.o.oo.ooo..ooo..oooo
....oo.o...o.oooo...ooooo.ooo...ooo.oo.o...ooo
ooo.o..o.oo..o.o....o.o..o...oo.o.oo.oo.oo.ooo
.o..oooo...o..o.oooo..oooo.ooo.oo..o......o...
..oo...o..o.o.ooo..o.o.oo...o.o.o.oooooo...ooo
.o..o.oo.o.oo..oo.o.o..o.......o..ooooooo...oo
oo..oo.o.o..o.ooo..o...ooo.ooo......oo......o.
oo..o..oo...oo..o...o.ooooo.o..oo.o..oo.o.o.oo
oo..o.oo.o.o..o.oooooo.o.ooo...o..o..o.....oo.
.ooooo.o........ooo.....oo.ooo....ooo..o.....o
...ooo..oo.ooo.oo......oo....o.oo....o.o.....o
o..oo.oo.o...o......oo.o.o..o..o....o...oo.ooo
