oo........o.o.o.....o.o....o........oo...o.ooo......o....o.o.o...o.o.ooo..o..........o.
o....o.o..........o.oxxxxx...oo..ooo.o........oo...o..o...o..........o....o...o.o....o.
.o.................ooxxxxx....o..o.....o......o..................o..ooo.....oo.oo...o.o
.....oo...o....oo..o.xxxxx......o...oo.o.oo............o..o.ooo.o..o.o.oo.o..o...o..o.o
.....o.o..o....o....oxxxxx...o..o...oo..........o..o...oo.........o.........o.o.o....oo
........o.o...o...o..xxxxx....oo....o.o.....o..o....o.o....oo.....o.o....o........o....
............o.....o....o.o.....oo.....o.....o..oo.....o.....ooo.............o..........
......o....oo....o........o....o..o....o..............o...............oo.oo..o.o.......
...o.........o.o.....o....o......o.oo....o.o....o...o...............o.oo.....o....o..oo
o...o...........o.....o.o..o.o..o....oo....o.....o....o...........oo..oo.......o.o.o..o
