.o.................o.......o....o.o.o...o......oo.o....
o.o....o......o....o.......o...o.............o........o
...oo.o..o.o.xxxxx.oo...o.o..................oo...ooo..
.o....oo....oxxxxx.....o.o...oo..ooooo.........o.ooo...
o.oo..o..o...xxxxx.oo........oo......ooo.o..oo........o
.........o.o.xxxxxoo..o...o........o.o.o..o....o.......
o..o...o.....xxxxx...o...o..o......o........o..o....ooo
ooo.....................o..............ooo.o.....o.....
.........o....ooo.....oo.o.ooo.....o..oo..........oo..o
....o..o.......o....ooo......o........o.o....o........o
.o.............o..ooo.....oo.o....o...o........oo......
......o..................o..........o...ooo..o....o...o
.o.....o..o.........o.....o......oo.oo.o......o......o.
o...o.o............o.o..o.....oo....o.......o.o...o...o
...o..o....o...oo...o............o......o..............
...oo............o...ooooo.o...oo..oo.....o......o.....
.o.....o..o.o........o......o..oo.oo.....o....oo.......
..oo....oo.o..oo.o..o.....o...o....o....o.o...o...o...o
o...........o.....o.o.....o..o...o.....o.........o.o..o
..o.....oo..o....oo......o.......o...................oo
..oo..o......oo.....o..o...oo..o..o....o.oooo..........
..o.......oo.o...o...o..o....o.............o...o.......
o............oo.....o..o.....o....................o.o..
.....o....o...o.....o..o..o............oo...ooo.....o..
.o.o...o..........o.oo........o.....ooo.o.....o..o.....
...o.....oo...........oo.o.o...o..o.o......oo...oo.oo.o
.o..o.......o.oo....o.............o..oo...............o
...o....ooo..o....o.ooo.oo........o..o.o.o.o...o.......
o....o..o...o....o...oo....o.....o.o.o..o.o...o.ooo....
..o.o.o.o...o...o...o..o....o....o.......o.oo........o.
.o..o............o.....o..o.....o..o..............o....
.oo...o...o....o.......o.....o.o......o.....ooo.o.o....
...............o.......o....o..oo.....o.....o......o...
.....o....o.o.......o.o.o...................oooo.......
....o.......o..o...oo....o.o.o............o.....o..o..o
o.o.o.......oo..o.............o...........o....o..oo...
.o..............o....ooo.....oo..............o.oo.....o
..o...o..o..o.........o...o.o...o.oooo....o.....o.o.o.o
...o......o.o...o..o.o.........o.....o...o...o.........
...o..o......o.......o...oooo.o...o..o......o..o.......
oo.o...o.oo.....oo.o....o...o.......oo........o........
.o........o.o.............o.oo.o...........o.o.....o.oo
...o...o.oo.o...o....oo.......o......o...oo.o.ooo...o.o
.................o.....o...o..o......o.o..o..o....o...o
.o.....oo..o.........ooo....o..o...oo.ooo......oo....o.
