....oo..oo.oo.o..
..o....o.oo..o.o.
.......o.oxxxxo..
o.o.....ooxxxx.o.
...o...oo.xxxx..o
...oo.oo.oxxxxoo.
.....o...........
o....o..oo..o..o.
o....o.o....o..o.
...oo.....o.....o
.o............o.o
....oo....oo....o
o.....o..o...o...
....oo.o.......o.
o.ooooo.....o.o..
oo.o.....o..o..o.
.o.o.o..o.....o.o
..o..............
..o.o.......ooo..
....o..oo......o.
.....o.o.........
o..o.o...o.....o.
.....o.o..o.oooo.
...o.ooo.o..o..o.
