..o....o.....o..oooo..
..oo......oo...o..o...
.....oo.o..o...ooooo..
o......o......o..o.o..
....o...o.o...oo....oo
...o.....oo......o....
......xxxxoo.o..o.....
ooo..oxxxx......o.ooo.
..o.ooxxxxo.....oo....
.o.oo.xxxx..o.oo.o....
....o...o.o......o....
.........o.o..oo..o...
oo........ooo..oo.....
..o...o.o..oo..o.....o
....o.oo....o....o..oo
.oo..ooo.......o..ooo.
...oo.o....o..o.....o.
.......oo...o..ooo...o
.....oo..........o.o..
.o.......ooo..ooo.o.o.
o.o..oo....o....oo..o.
o....o..........o.o...
....oo.o.....oo...o.o.
..o......o..o......o..
...o..o.....o.........
o.o..o...o.o.o..o....o
o..o............o.o...
.oo....o......oo...o..
.......oo...o......oo.
o.o...........oo..o...
o..oo.o....o......o..o
.o..o............o...o
.........o...oo.....o.
...o...o...o.....o...o
.oo.........o.........
o....oo........o.....o
..o....o...o....o.....
.o..o.oo....o.o.....o.
....oo....o....o.oo...
..o...............o..o
....o..oo..........o..
.............o....o...
......o..o.o.o..o..o..
.o.....o......o.......
.......o.o...o....o..o
oo......o.........ooo.
....o.......o...oo.o..
.o..o..oo..o..........
