............oo...................ooo...o..........o...o.....oo...ooo.
............o........o......o....o.............o......o...o..........
...o...ooo.........o...o...o............oo..o.....o..............o...
........oo..................oo.....oo.........................oo.....
.o...o...o..................o...........................o........o...
.............o..........o...o...o.......o............o..............o
.o...o...........................o...........................o.......
.......o.....o.............oo..o.....o.............o..............o..
o.o..o..........oo....o.o....oo...........o...o..........o.o.o....o..
.....o..........o..o.......o..o.o....o.....ooo........xxxxxxx........
...........o...o...o..o..................o..........o.xxxxxxx....oo..
...o.o.........o..o...o.....o.............o...........xxxxxxx........
......o.............o....o...oo.oo....o.....o......o..xxxxxxx..o...o.
oo......o.o........oo...o..o..o..o...................oxxxxxxxo.......
................o..........oo............o..o...o..o..xxxxxxx......o.
...o.....o...................o...................o.o..xxxxxxx...o....
.......................o.................o......o.............ooo....
o.oo..o........o.o.........o..o...........o..o.............o.o....o..
o.......o...o....o.o..o...o.....o.......oo........o.......o..........
.................o.o..........oo...................o.....ooo.........
...........o...........o...............o.......o.o........o..........
o....o...o.........o..............ooo...oo.....................o....o
..o.o.........o......o....o.............o....o....o......o...........
.o..........o....o.............o..............o....ooo.............o.
.o..o.o.........o.......o..o.......o.....o......o................o...
..o........o.....................oo...o........o.........o.o..o......
......o.....oo..o..........o.....o..o....oo.o....o...................
...o.......o......oo..........o.o...o..o.o......o..........o.........
.....oo...............o....o...o.......o.........................o..o
oo....o....o.o........o.........o...........o.................oo..o..
............o...o...............o......o.....o.............o.....o...
............o........o.......oo.....o..o.o..o....o..........o........
o........o..................o..oo.....o...................oo....o...o
.o.......o....ooo.oo...o...............oo.o............o.............
o...o...............oo......o....o..o..oo...o.................o..o...
.............o...oo.....o...o....o....o....o........o...o..........o.
.......o....o............o.o.....................o......o..........o.
......o............o...........o........o.......o......o...o..oo....o
...........o....oo..o...................o.....o..................o...
...o......o..........o......o......o.o..o....o.......................
........o........o....oo....o........o.......o...o.................oo
...o......o.o..............o..........o.....o....oo.o.....o.......o..
o..o......o.........o......oo.................................o......
..o..............o..o..o.......o..o..............o...................
................o...........oo.........o..o......o......oo.o..o......
......o....ooo........o......o..oo....................o..............
......o..............o..o.............o.o........o...................
....oo..........o.......o..o....o............o...............o.....o.
..o..........o.....o.......o..oo...o..........o.o...o...o..........o.
o.......o........................................o.o..........o.oo...
.............ooo..o.............oo.......oo....o..........ooo...o.o..
............o.......o..o.o............o...o..............o..o.o....o.
............o......o...........o..............ooo...oo...............
................o..o......o........o.....o......o......o...........o.
.......o......o..................oo...........o......................
................o.....o.o...oo..o................o............o.o.o..
.o.o.....o.o.o........o.o....................oo....o..............o..
......o...............o...........................o..............o...
..o...........................................o.....o.........o.o....
.........oo.......o..o..o...o....o.o.....oo..o.o.....................
..o.o.................oo..o..................oo.....o................
..............o.ooo.......o.................o.o............o..o......
.............o.................o...o......o....o....o...o.......o....
...o..oooo..o................o...o.......o...o..........o........o..o
.o...o....o..o...o....o...........................oo...o......o.....o
...........................o.........o........o..o..........o...o....
...o.....o.....o.............o......o.........o..o.o................o
.......o..............o.......o....o........o.........o..........o...
.........................o.........o...o......o............o....o....
o...o.....o.o...o...........o......o.o............o......o.....o..oo.
...........o.o.............o................o.........ooo........o...
......o...................o........o.......o...........o.........o...
.............o...............................o.........o.....oo......
......oo..o..............................o....................o....o.
.o.............o....oo.o.........o......o..o............o.......o....
..o......o................o....o.....o.o.o..........o.o.o..........o.
.................o......o...o.o....o...................o.....oo.....o
......o......................oo.o................................o...
.....................................o.....o.o.......o.......o......o
....oo..............o......o..o.o...o.o........o.............oo......
..o...oo......o........o....o..........o........o..............o.....
.....o........o...............oo..........................o..o.......
......o.o....o...o....oo.......o..............o.............o........
........................oo....o.................................o..o.
...o..o....o.........o..................o........o.o....o......o....o
....oo.....o.o.........o.....oo...o.....o..o.o...o.o..o..............
...o.........o......o................o........o........o..o..........
.....oo.........o............................oo.....o.o.o.o......o...
..........................o......o...o...o.....o.................o...
