o..ooo...o.....o...o......o...
...o.o.o..ooo.........o...o.o.
....o....o...oo...............
..oo....o..o...o.ooo.........o
.o......oo.o.ooo...o.oooo...o.
oo.........o.oo.o..oo.oo.oo...
.o.ooo.......o................
o........o.....o....o.ooo.....
o.....o.o...o.....o..o...oo...
....o................ooooo.o.o
o.o......o..ooo..o.ooo.o.o.o..
o...o.oo....o.o.ooooo..oo..o..
...o...o.o....o......o.o.oo...
.....o..o..o.oo..o.....o..o..o
.........o.......o........oo..
.o.oo...........o.......oxxxx.
........o...o...o..o.o.o.xxxx.
.o.o........ooo.o.o...o..xxxxo
.oo.o.o....o...oo.......oxxxx.
..o.o.....o.o.....oo..oo..o.o.
........o.....o...oooo......o.
