............................o.........o........o...o..............o...
......oo..o...o..........o.o...........o........o....o................
..................o...............o..................................o
...............o........................o........................o....
......................................xxxxxxxxxx......................
.....................o................xxxxxxxxxx..oo.......o.o........
..........o...........................xxxxxxxxxx......................
....o.......o.........................xxxxxxxxxx......................
.....................o................xxxxxxxxxx......................
..................o......o......oo...oxxxxxxxxxx.........oo...........
............o......o.........o........xxxxxxxxxx......o.....o..o......
...................................o..xxxxxxxxxx..o...................
....o............o.o.............o..o.xxxxxxxxxx.........o............
..........o..................o........xxxxxxxxxx......................
..o.................o.........o...............o.........o...o.........
.......................................................o....o.........
..........o..o.....o......o..................o.......o...............o
