.oo..oooo.o..ooo.o.ooo..oo..
..o....oo....oo.oo...ooo..o.
.o.....o..oo.o.o.ooo.ooo..oo
....o..o..ooooo.....o.o.....
...ooooooooooo..o.o.oooo.oo.
..oo..o..o..o.ooo..o....o.oo
.o.oo....o.o.o.o..o.o.ooo.oo
.o.o..ooo....o.o..oo..o.o...
.o.o.oooo..ooo......oooo...o
.oo..oooooo..o.o..oo.ooooo.o
ooo...ooo.oooo..o.o...oo..oo
..ooo.ooo..oo.oooooooooo.oo.
..o.ooooo.o.o.....o.o.oo.ooo
o.oo..oooo..o.ooo...oo.oo...
..oooo....o.oo...o.oo.o.ooo.
.ooo.....ooo.oo..oo.oo...ooo
....oo.oo.oooooooooooo....oo
oo.o.oo.oo.oo.oo.o..oo.ooo..
.oo.oo..o.ooo.o.ooo..o....oo
...o..o.ooo..o..o.o....o..oo
oo..o.ooo..o..o..o..ooooo...
o.o..oo.oo.o..oo.oo.ooo.o.o.
.o....oo..oo.......o.oooo.o.
oo....o.ooo.oo.oo.oo.oo..oo.
....o.o..oo...oo..o..o...o.o
oo.oooo.oo.o......oooo.oo..o
oo..o...o..o..o..oo.o.o.o...
o...oooo.oo.o.o.o...oo....oo
ooo..ooo.oo..o...o.oo.o...o.
..oo..oo.ooooo..o.o.ooo..ooo
.oo...o.o.oo.o.oo..o.oo.o..o
.oo.oo.o.o..ooo......oo.oo..
..oxxxoo.....o...o....o..o..
...xxxoooooo..o.oooo..o...o.
o.oxxxooo...o..o...oo..oo...
.o.o...oo..oo.oo.ooo.ooooo..
.o..oo..oo..oo.....o.o....oo
...o.o..oo.ooo.o.o....ooo.o.
ooo........ooo.ooo.o.ooooooo
.o..o.o.oo...o....oo..oo.ooo
o..o.oo.oo...ooooo..oo.oo..o
..oo..ooo..o..o..o...o...ooo
....o....o.ooo.oo...o.......
o.o...oo...ooo.oo....o...o.o
.oo.......oo.oo...o.oo.oo.o.
.oo.oo.....o..ooo..oo..o..oo
ooo..o..o.ooo..oooo..ooooo..
oo.....o.o....ooo..oo.o.oooo
oo..o.o...oo.o..oooo...o..o.
..o..ooooooo.oo..o..oo.o.oo.
..oooo...oo.o.o.oo..o.oo...o
o.ooooo.o..oo....oooooo.o.o.
..o.oo.o.oo....o..ooooooo.oo
o.oo.o.....ooo..o..o..oooo.o
...o.oooo..o.o...oo....ooo.o
.oooo.oo..o.o.o...o..o.ooooo
ooo..o....o..o..ooo........o
.o.o..ooooooo...oo....ooo...
........o.o.o.oo....oo....o.
......o....ooo..oo....oo.ooo
ooo.o.o...ooo.........o...oo
.ooo..o.o..oooo...o...o..ooo
.o.oooo......ooo...o..o..ooo
ooooo..oo.ooo.ooo...o.o.oo.o
.o.o.o.o..o.o.oo.oo...o.oooo
oo..oo.oo...oo..oooo.oo.ooo.
.......o.o.o.oo..oo.o.oo.o.o
oo....oo.ooooo.oooo.o.oo.o.o
.o..oo.oo.o...ooooo..o.ooo..
o..o....oo..o...ooo.o..o..oo
...ooo.o..oo.ooo...o.o.....o
o.ooo.ooo..o................
.oo...o.oooo..oo.o..oo.ooo..
.oo.o...oo..oooo..o.ooo.o...
.ooo.o.o..oo..oo...o.o..oooo
ooo.o.oo.oooo....o.o...o.o..
.oo..oo.ooooo..oooooo...o..o
o.ooo.......oo.o.o.o.ooo..o.
.o.o......o..ooo....o..o.ooo
o....o.oo.ooo.o.o.o.oo.oo.o.
..o.oo.oo.oo.o..ooo..o.....o
..oo.....o...o.....ooooo.o..
.o.oooo.o..o...o...o..oo.o.o
o....ooo.oo..o..o...........
oo.o..ooo.o...o.oo.oooo....o
o.o....o.ooo..ooooo..oo.oooo
.o.oo..oo.o..oo.ooooo..ooo..
.....oo..ooo.o..oo.ooo....oo
..o.oooo.o......o.oo...o..oo
o..oo.o..o..o.oo.o..o.o...oo
oo..oo...o..oooo.o....o.oo..
oo..ooo.oo.ooo.o..o.oo.o.ooo
ooo.o..o.o.o...oo..oooo..ooo
..ooo.ooo..oooo..o.o..o...o.
o....o..o..o.oo..o....o..o..
.ooo.o....oo..o.o..o..o...oo
oo........o.oo.ooo..oooo.oo.
.o....o...o.oo.o....o.oo..o.
..ooo.oooo......o....o....o.
