........................
.....................o..
....o....o..........o...
..................o.....
....o...o....o...o......
.................o..o...
.o.............o........
........................
o..o....................
..........o.............
........................
.......................o
.o....................o.
........................
........................
......oo.....o....o.....
........................
........................
..........o...o.........
.o......................
...................o....
........................
..............o.........
................o.......
......o.......o...o.....
.....o..................
......o............o....
..........oo............
........................
.......o.......oo.......
........................
.........o.o............
..xxxxxxxxx....o........
..xxxxxxxxx.............
.oxxxxxxxxx....o.......o
..xxxxxxxxx.............
..xxxxxxxxx.............
..xxxxxxxxxo............
..xxxxxxxxx.............
..xxxxxxxxx.............
.oxxxxxxxxxo...o........
..o.....o...............
........................
.........o..............
..............o...o.....
..............o.........
...................o....
........................
.....o..................
.o...o....o........o....
........................
........oo..............
........................
..o.....................
.............o..........
.......o....oo..........
...................o....
........................
..............o.........
.o...................o..
...........o............
..............o.........
