o.oo.oo.o..o.o.oooo.oo..ooo.
o.o.o..ooooo.oo.o.o..o..oo.o
o......o..oo.o.o.o...o..oo.o
...o.oo...o..oooooooo..ooo..
o..oo...oooo..oo.ooo.oooooo.
oooo.oo.....o..o...oo..o..oo
....o..ooooo.o..oo..o.o.ooo.
.o.o..ooo....o..oo.oo...o.oo
..o.o.o..o..oooo...ooo...oo.
oo...oo..oo..ooo.o.oooo.oo..
..o.o.o...oo...oo.oo.o.....o
....oooo....oooo....o..ooo..
...o.oo...oo.ooo..oo.oo.o...
..o....oo.........oxxx..oooo
o...oo.o.oo.oo.....xxx..o...
.oo....o..oo...oo.oxxx.ooo.o
oo...oo...o.o....o.oooo....o
......oo.....o...o.o.oo..ooo
..o.o.o.oo.o.ooo.oo.ooo..o..
o.....o...o.o.oo.o.ooooooo..
o.o.........o....o...o.ooo..
o.ooo..oo.o...oo...o..oo.o..
oo.oo.ooo.o.o..o.o....o..o..
o..oo.o.oo....oooo.ooooo..oo
...o.o...o.o.o.oo..o....ooo.
.oo.o.o.....oo....oo.o..o.oo
o...o.o..o...oo.o..ooo..oo..
...o.o.oo..ooo.o.oo.o.oooooo
.o....ooo..o..oo...o.o.o...o
oo..oo...oooo.ooo..o.o..o.oo
ooo.o.....oo..ooo.ooo..oo.o.
o...o.ooo...ooo...oo.o..oo..
ooo..o....o.o..o..oo..oooooo
o..o.o.oo.o...oo..oo.oo.oo.o
ooooo..o.o.o.ooo.o.ooo.oo.oo
oo.o.ooooo.oo..oo...o..ooo..
oooo.oooo...ooooo.oo....o...
..o.o.....oo.ooo....o.o..o.o
..oooo.o..oo.o..o.o.ooo..oo.
o...o..o....oo..ooo.o...oo.o
o.oooo.o...o...o..oooo.o....
ooooo.oo.o..o.oo..o.......oo
.o...o.o.ooo..o...o.o.oooo..
.oo..oo...o.oo.o.....o..o.oo
ooo.....o.....oo.o....o.o...
oooo.ooo.oo...o...oo.ooo..o.
o.ooo...o...o...oo....o...oo
.oo......o.o...o.o..ooo..o..
....ooo.ooo.o.o...ooo.o.....
.oo.ooo.ooo..ooo.oo.o..oo...
.oo.o..o...o.o..oooo..o.o..o
oo.....o......o.o...oo.oooo.
ooo.o...oo..oo..oo...oo...o.
o.o.....oo..oo.o..oo..oooo.o
o.o.o.oo..ooo.ooo..ooo..o...
oo.ooooo.oo..o.ooo...oooo.o.
oo.o....ooo..oo..o.oo...oooo
..ooo....o.o..o.o..ooo.o..oo
o.oo.o..o.o........o.o..ooo.
oooo.ooo.oo..o.o.oo..ooo..oo
..o..o...ooo.ooo.o.o.o.o.o.o
o.ooo....o.oo..oo.oo..oo..o.
o.....ooo...oo....ooo..o..o.
.....ooo.o..oo.o...o...o.o..
.o..o.o.ooooo.oo......o.o.o.
.o.o.oo.o...o...o..o.oo.o.oo
o.oo..ooo..o.o.o.ooo..oo.o..
.oo.o....oooo.ooo....o.o...o
.....o.o.o..oooo...oo...o..o
....o..o..o...oo...o.oo.o.oo
o.....o.oo.ooo..oooooo..o.o.
.o.o....oo..o..o..oo.ooo....
oo.o.o..oooo..o..oo...o.....
..o....oo.oo.o....o.o.ooo...
.o.ooooooo.o...o.ooo..o....o
o....oo.o......o.o.o..o.oo..
......o..oo..o..o..ooo..oo..
o.oooo..ooo.oo..o......o..o.
.o....oo.o.ooooo.o...ooo.o..
oo.o..ooo.ooo...oo....o.o.o.
..o.o.o..oo...o.oo.oo.o..o.o
o.ooo.oo..ooo.ooo..oo..ooo.o
o.o.....o.oo...oooo....o.o.o
oo..o..oo..oooooooo.o..ooo..
..oo.oo.o..oo..oo..oooo.oooo
.....ooo.ooooo..o.....ooo.o.
..o..o...ooo..oo.oo....o.o.o
.o.o..o...oooo...o.ooo.ooooo
o....ooooo.o.o.o.oooo......o
.oooo.ooooo.oo...oo.o..oooo.
.oo..oo.o.oo.oooo....ooo.o..
oo...o..oo....o...oo.oo.oo.o
.oo...o..o..o.oo.o.o...o.oo.
...o...o.oo.ooo....oo.o....o
...oo..o.o.o...ooo...ooo.o.o
