.........o..........o.......o..o.....o.o....o.........o..oo.
..oo..o.........o.oo.......o..o.......o.......o........o.o..
..........o..o...o........o..........o...o..............o...
...oo...........o...o....o......oo.............o.....o.o....
...oo............o.o...o............oo..o...................
....o..............o...o.o.oo......o..........o.....o....o.o
...o.......o.o......o............o.....o.o..........o.......
.o.o....o.....o.o.......oo....o...............o....o.o....o.
...o...o.o......o..o...................oo...................
.o.o....................o..........oo..o......o.o..o........
....o..............o........o.o....o.o...o..................
......o.........o......o..o...........o.o......o..o..o.o...o
.........oo............o.........o........o.o......oo.......
............o.o...ooo....o................o.....o.........o.
.......o.....o..........o..o.o.....o....xxxxxx......o..o....
....o.oo.o................o..o...o....o.xxxxxx.ooo.....o.ooo
o...........o..oo..............o........xxxxxx..............
....oo...o.............................oxxxxxx.....o.....o.o
.o.........o......o........o....o.......xxxxxx.......o.o....
..........o..o.....o....o...o...........xxxxxx...........o.o
.oo.....o...o....o..o......oo.ooo.o.....oo.....o............
......o.o..o.....oo....o....oo..o.......oo...........o......
.o...............oo...oooo........o.......o.........o...o..o
...................oo.....o..........o..oo....oo....o.o....o
..o...........o..o..............o...................o...oo.o
o..........o..oo..ooooo....o.oo............o.......o.o......
..............o..........................oo....o..........o.
..o..oo.o.....o.............o..........o....................
........o..................o......o...o........o....o.......
o.................o..o..............o....o.o.o.....o........
.........o...........o.......o..o.o....................o....
...................o...o.o.o....o.o.o..o.....o........o.....
