...o...ooo.o.....oo..o..oo...oo.o..ooo.xxxo..oo
o..o.o.oo.o..oo.oooooo..o.......o..o.ooxxxoo...
o.oo......oo.o..oo..o.......o...oo.....xxxo....
o..o....o.oo......o....oooooo.o.o...o.......o.o
.o..ooo..o....oo.o.oooo.oo.oo..oo.o.oo......o..
...o.....o......o.o..o..oo..ooo..oo......ooooo.
oo.o.o..o.o.o.o.ooo.oo..oo.oo.o....o..o........
....o..o.ooo...ooo...oo...oo.oo.o......o...o..o
.o..o....oo......o.o..o..oo.ooo..ooo....o..oo..
...o.o......o..o.o.oo..o..ooo..ooooo.........oo
.o.ooo.oo.ooo..oo.o.o.....o.o.o.....oo.o..o.o.o
.o.o.o.o.....ooo..o.o.o..ooo........o.o..oo.oo.
o..o..o.oo...o..oo.ooo..oo.oo....oo.o..o.......
..o..o.o....o.ooo.o..o.o.o..ooo..o...o.o.oo....
.o.ooo...oo...o..o......o.o...o.oo.oo.....o..oo
..oo......ooo.ooooo..o.....o.o.....o..o.o.o.o..
o.ooooo....o...ooo.o.....o..........o....oooo.o
o.....oo.o.....o.o...o....o....o.oo.oo....o...o
o.o.o...oo....o.o...o.oo.....o.oo..ooo.o..oo...
o...o..o...o.o.o..........o.......ooooo.......o
ooo...o.o.oo..ooo...oo.o..o.o.o.oo............o
ooo....oo..o.ooo.o.o.o..o.oo..o........o..o...o
......o.oo.....o.o.....o.o....ooooo.o..o....ooo
o.o.....o.....ooo...o.o...o..ooo..o...o..ooo..o
oo..o....o.ooo.oo..oooo..oo.o.....o.o.oo.ooo.o.
o..o.oo....oo........oo....o.oooo.o.....o.o.ooo
o.oo.oo..o.o.o.......o.o.o...oo.....o...ooo....
....oo.oo..o.....oo.o.oo..o....o....o.oo.o....o
oo.....o.....ooo..oo...o....oo....oo....o..o...
..o..o..o.o.o.o.o....o.........oooo....o.ooo.o.
.oo.....o....o...o..o...o....o.o....o.o....o..o
o..ooo..........o....oooooo..o...o.oo...o...o.o
.o.o...o....o.oo.o.o.........ooo.....oo...o....
........o..o..o.o........oo...ooo..o.o....oo..o
oo..o....o.ooo.....o.o..o..oo...o..ooo.oo......
o...o......o....ooo.oo........ooo...oo.oo...o.o
.o.oo..o.....oo.oo.o.oooo..o.o.o..o.....o..ooo.
o.o...oo.oo.o..o..o..o..o.o.o.o..o.o.o...o..o..
