..
o.
xx
xx
..
o.
..
..
..
.o
..
oo
.o
..
..
o.
..
o.
o.
.o
o.
o.
..
..
o.
.o
o.
.o
.o
o.
..
.o
o.
..
oo
.o
o.
oo
o.
.o
