xxxxxxxxxxxxx.......................
xxxxxxxxxxxxx.......................
xxxxxxxxxxxxx.......................
xxxxxxxxxxxxx.......................
xxxxxxxxxxxxx.......................
xxxxxxxxxxxxx....................o..
xxxxxxxxxxxxx.......................
xxxxxxxxxxxxx.......................
xxxxxxxxxxxxx...........o...........
xxxxxxxxxxxxx.......................
xxxxxxxxxxxxx.......................
xxxxxxxxxxxxx............o..........
xxxxxxxxxxxxx.......................
...o.....o.........o..o.............
....................................
....................................
....................................
....................................
....................................
....................................
....o........o......................
....................................
....................................
...........o..................o.....
...............................o....
...o................................
........o.................o.........
................o...................
....................................
.................o..................
....................................
....................................
....................................
....................................
....................................
......o...o.........................
....................................
....................................
..................................o.
....................................
