......................o.....oo...................o......o....o...o........
.o...o.......o..............o............o......................oo........
..o.........oo.....................o......................................
.........o.......o...................o..o...o.o.......o..........o..oo....
..........................................o........o...........o....o.....
.o.......o.............o.......o.......o.................................o
....o.............................................o...........oo..........
.....o................o..................................o.....o.o........
.........oo......................o......o....o................o.....o.....
..o.......o..........................o....o......................o.o......
...........o......o............o.....................................o....
............o............o......o.....o.....................o......o....o.
.....o...........o.......o..o.........o...o......o........................
.o.......................o........o.......................oo...........o..
.............................o....o.....o..........o............o..o.o....
........o.........o.o..xxxxxxxx......................................o....
.......o...............xxxxxxxx..........o...........................o....
.......o...........oo..xxxxxxxxo.....o......o........o.............o..o.o.
.............o.....o...xxxxxxxx.o....o...o..................o..o.....o.oo.
...o.....o....o.......oxxxxxxxx...............o......o..............o.....
...........o...........xxxxxxxx.o............o.......o..o...........o..o..
................o......xxxxxxxx..............o...oo.........o..........o..
......o......o.......o.xxxxxxxx..............o........oo..........o.....o.
....o......o.............o..o...o............oo........oo.........o.......
.o.....................o....o.......o....o..........o..........o..........
o....o..o................................o................................
...............o...o.oo...................o............................o..
.........oo.o.......o.....o..........o..............o.....o...............
.........o..oo.....o....o......o...........oo.....o.o.................o...
.............o................o..............o.........o..o..............o
.o....oo...........o...o.............o....o......o....o...............o...
o......................oo...............o......oo....o...............o....
..........o...............o..o..........oo....oo...............o..........
................o.o...........................................o..o........
..o.................o..................................o.....o............
...................o....oo......o....o.o...o.o.....o...........o......o...
........................................o.o...............................
...o.......................o......o.o...............o.....................
......................o.............o.......o......................o......
.............o...o.....o....o.o................o.....................o....
.o.......oo.o.......o............................o.......o............o..o
.............o.........oo.................o.ooo...............o.oo...o....
........o..............o....o.......o.......o..o....o.oo..................
.....o........o............o..............o............o......o.......o...
......o....o.......................o...o.o.......o......o..........o.....o
....o......o............o....o.o..........o.............oo....o.......oo.o
........o.....o........o......................o......o...o................
............o......ooo..........o.o...o.....o....oo.......o........o......
..........o.o...........o................o........oo....o...o...o.........
o......o....o..o.........o..o.........o..oo....o...................o......
..........o............o....o......o........o..o...o.........o............
.........o.........................o...........................o.......o.o
.o...........o.......o...........o.......o...o.....o.....o................
.........o.o..............o..........oo........o.......o..o............o..
.o......oo..................o.........oo............o...o...........o.....
o..o.......................o........o.........................o...........
......o...............o...............o......o.................o.....o...o
..o.........o..............................o.....o.........o....oo..o.....
o.....o....o.............o.o...o....o....o.oo.................o....o..o...
...........o.o............................o....o....o........o..o...o.....
...............o..........o.......o......................o................
o.............oo.o.........o....o...............................o.........
................o..o....o....................o.o..........................
o..o.........o.......................................................o....
...........................o.....oo............o................o.....ooo.
...oo...........o.....o...o.o..........o.................o...........o....
..oo.......o....................................o....o....................
............o........o.........o.....o....o.............o.......o.....o...
.o.............o..........o......o............................ooo.......o.
.o.....oo........o........o..................o....oo.................o...o
......o............o.....oo.o..........o........o.o...............o..o....
......oo......................o........................o...oo.............
...............o.......o.o.......o.....o.......o..o.o.........oo.......o..
....oo.......................................o...........o........o.o.....
...o......................o...................o.........o................o
.o...oo......o......................o.........o.o.........................
..o...o.......................................o.............oo....o.......
..........................................o......o......o.................
...........o...o......................o..o....................o...........
..o..o............................o........o......o.........o.............
.....................o...............o.o..............o...................
.......o.........oo...............o.............o.............o.o...o.....
.....o.................o............o........................o............
..............................o......o.......o..ooo.......................
o..........o...........o......o.oo...........o............o....o..o.......
.....o..o....o....o..o..o.......o......o.................o..o.............
.......................ooo........o.....o........o........................
.........................................o.........o....................o.
.......................oo..................o.....o...............o...o....
..........o...................o......o...o...........o.........o....o.....
.....o..o..o................o......o.o...oo...........o...o...............
....oo.o.......o.....o..o......o..o............o..o.oo.........o....o.....
.............o...............o........o............................o......
