....o.o.xxxoo.o....oo..o.o..o.....ooo...oo.o.....o...ooo
...o..o.xxxo...ooo.oo..o.o...o.o.o....o.o.o.o...ooooo..o
oo.o...oxxxo.o...o.o....o..oo.o..ooooo......oooo.o.....o
.o..oo......oo....oo.oo..o..o.ooo..o..ooo.o.....o.oo....
...o.ooo.ooo..ooooo.oo...oooooo.o...o.oo..o.o...o.oo.o..
o...oo.o.oooo..o..ooo..o....oo.oo.ooo.oo....o..oooooo...
o..o...o..ooo..ooo...o..oo.o.o..oo.o....ooo....o.o.o...o
.ooo.......ooo..o..o.o...o...o..ooo.o..o.oo...o...o..ooo
o.oo...ooo.ooooooo..o.o.oo..o.oo.ooooo.o.o..oo..oo....oo
o..o.o..o..oo...oo.oo.o.ooo.oo.o.o.oo.o..o....o..o.o.o..
.o.oo.o..o.oo.ooo......ooo.o..ooo..o.ooooo..o.......ooo.
.oo.ooo.o.ooo...ooo.o....o.ooo......oo..oo....oo..oo..o.
..o....o..ooo.o.oooo...o..o.oo...oo......oo.ooo..ooo..oo
