...o.o...o..o.......o..................o......o..o..oo...o......o............o.........o..........
.o.o.....o...........o............o....xxxxxxxx..o.o.......o.oo.....o............o...o.........o..
........o....o......oo..o.....o.o...o..xxxxxxxx..o....o......o....................................
.........o.....o.......................xxxxxxxxo.o...........oo.o......o.o...........o....o.......
..o.o..o.o.....o...o........o..o.......xxxxxxxx...o....o........o........o.o...........o........o.
..........o.o...........o..............xxxxxxxx........oo.o..........o.o...o...o.o...oo..........o
..o...o..........ooo.o.................xxxxxxxx........o...oo........o.....oo.........o.o....o.oo.
o....o.o.o..oo..o......................xxxxxxxx.o.o.o..o.........o......o....o....o.o.....o.o.....
.o...o..o........o.o..oo.......o......oxxxxxxxx...........o.oo....o.o.o...........................
....o..o.............oo.......................o..........o........................o.........o.....
........o...................o.o..o....o...........o........o.....o...oo.....o.....o.o.....oo....o.
...o...........oo..o.......o.o......o.........o.......o.................o....o..o.................
..o...............o..oo...o...o..............o.oo...o......o..o....o.............oo.....o....o....
.......o...o..o.......o.......ooo.....o..o....................oo..oo..........o......oo....o..ooo.
....o..........o....o.o..............o..........o...o...........o.o..............o................
..o.o.............oo...oo......o.........o..o....................o...o.............o.o............
o................oo................................oo....o....o..o..........o........o...oo.......
.........o.o...o..........o...o..o..........o...oo.......oo....o.......................o.......o.o
.........o...........o..........................................o....o...............o...o..o.....
........o......o.o....o.........o.....o....o....o.............o...o...........o.....o.......ooo...
...o...o.o.............................o..oo..o......................o................o.o.....o...
......................................o.........o...........o.o......o..........o..........o......
........o...........o...o......o.o.oo.....o.......oo.....o......o........o........................
........o...o......oo........o............o...o..o.............o........o......o......o...........
...o.........o..o..............o....o.............o........o........o....o..o.....o....o..........
o.........o.....o...o.................................o.............................o....o........
......o.o........o................................................o..o..o........o....o........o..
......o..o.o.o.....o....o.............o..................o........o.....o....o....................
....o.............o..........o.......o............o........................o......................
......o..........o.....................o.......o..o..................o.o....o...o.................
........o..............................o.........o...............o...o..........o........o.o...o..
.........o..........ooo.o......oo.o...oo................o............o........o...................
.o...o.o..o.o...o....o.......o..........o............o..o....o..o...............o........oo.....o.
.o.o.....o......o....o.......o.......o....oo.......o.o.....o..o.....o.o.o....o....................
.oo...........o..o..o......o.....o....ooo.......o.o.........o......o....o...o.............o.......
...............o....oo...o....oo.....o......o..o.......o....................................o.....
o..o.........oo.........oo....o...o............o....o...o......o.o.oo.........o...............o...
............o..o.o.......o.....o.....o........o....oo..o...o..o...o..............o..........o.....
............o....o.....oo.........o........o................o.o......o.....................o..o...
.o...o...........o..............o...oo...........oo........o.o.........oo....o..oo......o.........
.o......oo........oo.....o.......o...o.....o....o....o....o..........o.............oo...o.......o.
.oo.o..........oo.o.......oo..........................o.o.o........oo....o.o...............o......
......o.o..o........................oo....o.................o...o...o..........o.o........o.......
..........o.............o..o...........o....o...........o.............o...o...o..oo.........o.....
.oo...o...o....o..........oo......o.......oo.......o..............o....o...o..o...................
...o..........o.................o....oo............o............o....................o...........o
......o............o....o......................oo...o..............................oo...........o.
.................o.........oo...oo....o.o.o..o.........o....o......o..o.......o.o...o.........o.o.
.....o......o........o.........o......ooo...................o..........o.......o...........o......
.......o..o....o...............o...o..o...o....o.......o...............o.o......o..o......o..oo.o.
............................oo..o........o......o...o...o.o.......o......o.........o.o.o.o.o......
.............o...........o..o.........oo....o............o....o...o..........o.o........o........o
.....o.o.o.o..oo.....o.o...oo....o..o..o.......o.o.........................o...........o.o....o...
.....o..oo....o....o......o.....o...o.....o....o...o....o.o.o.o.....o....o..o.....oo.oo....o.o....
.........o..o............oo.................oo...................o.......o....o.o...oooo.........o
...............o................o..........o....o.o.........o.........o....o..o...................
ooo....o..o.o...o.......o....oo..o.....................................o............oo............
......o......o.......o.........o.o.o..............o........o.o.o............o....oo..o.....o.....o
....o.o..o....o....o.....................................o............o....o...........o.o....o...
...o..o...o.....................oo.....o.............o.............o............o.................
............o..o....o...o...........o.o........o.....o.o.......o..o......o.o..o..o...o...o.o......
........o...............o.......o.o....o..........o..o..............o............o...o............
.o....o........................................o............o...o............o....o.............o.
.......o...o...o...o...o...o..o................o...o...o.o.o.......oo.......o................o..o.
.oo....o.oo.......o....oo.......o......o......o...oo......o....o...o.....o.o.o.o...o...o..o..o....
..........o...o........o.o..............o.....o........o....o.o.o..............o..................
...............oo..o...o.........oo.o..oo...o.o.........o.o.o..o.........o.........oo.....o.o..o..
....................o..................................o.....o........o...o......o.....o.......o..
.........oo................o.....o.........oo..o............oo....................................
......o.....o...o............oo....o...o.........o.................................o..o...........
.o..............o.o.......o.......o..........o..o.....o.o..............oo.o....oo.................
.......o.................o.....o..........................................o...o.o...........o.o...
o.............................o....o....o...o.......oo..................o........o..o..o.o.o..o.o.
....o.o...o....................o..o..............o...o.o...o..o.o...o......o.....o.............o..
