oooooo.o.oooo..o..oo..o.oo.oo.xxxo...o
.o..oo..ooo.oo..o.....o.o...ooxxx.o...
.o.o.ooo..oooo..o..oo..oo....oxxxo..o.
oo.o.oo..oo..o...o..o.ooo.......ooo.o.
o.oo....oo.ooo.o..o..oo.......ooooo..o
..o.oooo.oo.oo.o.ooooo.oo..o...oo..oo.
o.o.oooo..oooo........o.ooooo..o...o..
o.ooo......o..oooo..oo..o....oo.oo.o.o
..o.oo.....oo....oo.oo.....o...o...ooo
ooo.oooooooo.o..ooo...o....o.ooo.ooo..
....o.ooo.o.o.o...o.o..o.o..oo....o.o.
o.oo...oooo.......oo.o..o.o..o.o.oo.oo
....ooo.o.o....oo..oooooo....ooo..oo..
.o...o...o.o.o.......o..o...ooooo..ooo
..oooooo....o.o...o..o.o...o...o.ooo..
.oo...o.o......ooo.o.o.......o....o.o.
.ooo........oooo..oo.ooo.o.o.oo.o.o.o.
o..oooo...oo.ooo..oo......o..o....ooo.
..o.o.o..o.ooo.........oo..ooo......oo
o..o.o..ooooo...oooo.....o..oooo...oo.
oo..o.........o.o.o.o.o...o.o.o..o....
o..o..o..o.o.o....o..oo..o.....ooo...o
o.o.o.o.o..o..o..o..oooo.....o...o..o.
..oooo.....oooo.oo....o.o.oo..oo..o...
..oo.oo.oo...o.oo..oo...o.....oo..o.o.
..o.o....ooo...oo.oo...o..o.......o...
..o..oo..oo..oo..ooo.oo..o..ooo.....o.
.o.o..o....o..o...ooo.oo.....o....o...
.oo.ooooo..ooooo.o.o.....oooo....ooo.o
.....o.....o..o..oo.ooo.oo.o.o..oooo..
ooooo...o..oo......o.o.........oo.o...
o.oo..o.oo.o..oo..o..o....o..oo.o..ooo
o..o...o.o..oooo....o.o.o....o.o.ooo.o
ooo.o.o..ooo...o...oooo.ooo.....ooo...
.oo.oo.oo......o..o....ooooo...o...oo.
..o..o.o..oooo.....o..o....oo...o.o.o.
ooo..o.o..oo...o...o..ooo....o.....oo.
....o....o..o...oo.o.....ooo....oooo..
................oo.o...o...oo.....oooo
o...oo.ooo..oo.oo.o..o........ooo..oo.
......o...o.o....o..o..o...oooo....o..
oo...o.o.......o.oo.o..o.oo....oo.....
..o.........oo...o.o..o.ooo.oo.oo..o.o
o....ooo...ooo.o...oo.ooo..oo..oooo.o.
oooo.o.o.o...oo......o.o...oo..oo.oo..
.o.....o.o...o.o..oo..o.oo.ooooo...ooo
oooo.........o.oo.o..o........ooooo..o
.o.oooooo..o.o.ooo.....oooooooo.o..o.o
o.o.o..ooo..ooo.......oo.oooo.ooo.o.oo
oo.o.oo.........ooo...o.oo.o.....oo..o
...oo.o....o......o....oo.oo...oooo..o
oo..oo..o.....oo....o...ooo.o..o.o..oo
o.......o.o.o.o..o.oo.oo..o.oooooo...o
..o.ooo.o....o.o....o......o.oo.o..ooo
