...o....o.o...o.o.o.o.o.oo.o..o...o...o.....oo..o....o..o
o...oo.o..o..o......oo.o...o..o.oo.o...o........o..ooo...
....ooo.o.oo.ooo...o.o..o..oo..o....o...o.o.oooo......ooo
.oo..oo.o....o.o..o......o.o...oo.o........o...oo.o..o.o.
o.o........o.o.....oo...o.o..o.o.....oo..ooo.o.o.....oo.o
..oo.o...o.oo.......o.......ooo.oo.o....o.oooooo....oo..o
....oo...oo.o..o........o.o.o.o.....o..ooo.o.o.o.........
..oo.....o.oo..ooo...o...oo..........oo........oo...o.oo.
..oxxxxo.......o....o.oo.o..oo....o.......o..o....o.....o
oo.xxxx.o.o..o..o..oo.oooo..o...o....o........o.oo.......
...xxxx.o....o.o.......oo.........o..oo....o.ooo..o....o.
o.oxxxx..o...oo....o.....ooo..o.ooo.o...o.oo..oooo.o.o..o
.oo...........o..o..o.oo...oo.o.o..........oo...oooo.....
.o.o.ooo.....o.o..ooo..oo..o...o..o..oo..oo.oo.o..ooo....
oo....oo.....o..o....o.oo....ooo.....o..o....o....o...o..
ooo..o...o.o.o.ooo.........o.o..ooo.o.o.ooo....o.o....oo.
o......o..o...........oo....o...oo.o...oo.......ooo..o.oo
..o.......o..o..o.o..o.oo....ooooo..o....o....o.o..o...oo
..oooo....oo.o..ooo....o.o.o.o..oo..oo..o..o.oooo..o.....
....o.ooo....o.o.....o.o....o.oo.o.o.o.o...ooo..o..ooo...
.o..oo.o...o.o...o.o...o.oo...oo.o.o..o.o...o.o..o...o.oo
oo.o........o.o.o..o.ooo.o............oo.....ooo.o.ooo...
.oo.o.......o..ooo.o..oo.o...o..oo.ooo.o......o.ooo....o.
.o..........ooooo....o.o.o....oooo.o........o...ooo.o.oo.
.oooo.......o...o.oo.....o....o.oo..o.o.o..o.oo..o....o.o
o..o....ooo..o.oo...oo.oo....o.oo.oo.o.ooo.o.ooo..o..o.o.
...oooo.o..o.o..o.....o....oo.....o.o....o.o...o..o..o...
...........oo..o....o..oo..o.o.......o.o.o.o.oo.oo.o.....
.oo.o........o.ooo..o.oo.oooo.ooo......ooo.o.....o......o
.o..o.....o....ooo..o..o..o...o......oo..o.....o..o.....o
..oo.o.oo.o...o..ooo.ooo..oo..o.oo.....o.....o...ooo....o
ooo..oo......oo......o.........o....o.....o.....o.o.o..oo
..oo..o..oo..o........o......oo..o....oo...o..o...oo.o...
.o.oo.o.o..o..o.....oo..o..oo.o..oo..oo..ooo...o..o..o...
o...oo......o....o.o..o.....o....o......ooo..oo.oo......o
o...oo..o..o....o...oo.o...o....oo...............o....o..
................oo....o.o...o.o...o.o.....o....o..oo.o...
....o...o...o.oo.ooo..o.o...o.oo.ooo...o..o..o..ooo..o...
oooo.o....o.....o.oo.....o.o.o........o.o.oo....o..o...o.
..o.....ooo.....o..ooooo.oo....oo.ooo.oo.ooo....o....oo.o
o.o..ooo....oo.......o...oo.o..........o.o........o....o.
o..o.ooo.oo...ooo..o.o.....o.o...o.....oo.o..o..oo...o...
ooo..o.o.ooooo..o...ooo..o..oo...o...o...o...ooo.ooo.oo..
..o....o.....oo.oo.o...o.o.oo...o..o....o...oo.o.oo..oo..
o..o.o....o..o........ooo...o.......ooo..ooo.....o.o.....
.o...........o.oo.......o......ooo..o.o..oo.....oo.......
........o...o..o.o..o...o....o.o..o.o...o.o.o..o.o.o...oo
..oo.......o.o......o....o..o.o.o..oo.o..ooo.......o....o
..o.ooo.o.....o.o.o..ooo..ooo.....o....o......oo........o
.o.o.....o........o........oo.....o.........o.........ooo
.......o..o.o...oo..o.o...o...oooo...o.o....ooo....o.o...
...o.o.o.o.o...oo..o.ooooo..o.o..o..oo....o..oo.oo..oo.o.
............o.o.o.o.oo...ooooooo..o..o..o..o..oo.o....o..
o.o.o..oo......o...o...oo..o...o.o.o.oo.oooo...o..o..o.o.
.o.oo.o.....o....oo.o...o............ooo..oo..o.....ooo..
.o..oo..oo.o.o...o.oo......oo....oo...ooo...o..oo.......o
.o...o...oo.......o.......oo..oo....o.......o.oo..ooo..oo
.oooo....o..o..........o.o...o..oo.o...oo.o.oo.o..o..ooo.
o....o....o...o.oo.....o..o...o.o...oo..oo..o.o.....ooo.o
....oo.o.o....o..o.o...o.......oo..o.o.o.o...o...o.....o.
o.o....o...o.oo.....oo..o..oo..o.o..oo...ooo.............
..o..oo...oo......o.o....ooo.o.........o.o..o.o..o...oo..
......ooo..o......ooo..o...o...o.........oo..o...o..ooo..
..o....oo.oo....ooo.o.....o........o......o.oo..ooo.o....
......oo.....o...o.o....o.o...o..o..oo.ooo....ooo.o...oo.
.oo....o..o........o.oo..........o....oo....oo..o.....o.o
.o..o.oo.o..o.....o..............o.o........o.o...o......
o....o..o..............................ooo.............o.
....o..oo..........oooo...oo..o.ooooo..o.oo.o.......ooo..
.....o.......oo.oo...o.o.ooo...oo.oo...oo...o.o........o.
o...o......oo..o.o..o......o.o...oooo.oo..o.o.oo.o....o.o
.o.o....oo.o.o..o.o.....o.....o.o....oo........oo.o.oo..o
o.o.o....oo.oo.oo.o....o.....o.o....ooo.o..o.....o.o....o
...oooo.........o.oo.........o.....oo..o..o.........oo..o
..ooo.oo...o.o....o..oo..................o....ooo.o......
..o...ooo..o..o.....o..oo.........o.o....o..oo....o......
ooo..ooo...o....o.oo...o..o......o.o......o.o........o.o.
o.......o....o.....o...oo...o..o.oo..o......o.o......oo..
...o.....o....oo.....o.....o.o.....oo.oo.oo.o.o..o...oo.o
o................o......o.oo......ooo....oo....oo.oo..ooo
..o.oo..........o...o....o.o.......o..ooo................
..o..ooo....o.........o...ooo.o...o....o...oo.....o..oooo
o....o..o....oo.....o.o......o..o....o.o......o.o........
.....o.............o..oo...oo.o.oo.o.......o.o.....o..o.o
..o...o.......oo....oo.....o..o.o.......oo..o....o......o
.....oo.o..o.ooo.o.o..o....oo..o..o....o.oo...oo.........
ooo.o..o...o.o..o...o..o.....o....o..oo.o....o.o.......o.
...o......o..o.oo.o..oo...oo....o...o.o.o..o....o..o.o.oo
