o.........o.o...o............o.o.........o............o.o..o..o...o..o......oo....
.o............................oo.......o..........o.o...o.......o.o.o....o..o.....
...o.........oo.oo.oo.....ooo.....oo..o.......o........o..........o.oo.....ooo..o.
ooo.o.ooo.....oo..o....o.........oo...oo...o.....oo....o..o......o.oo.o.o.........
..o....o...o...o.o...o..o.o.o.o.o..o..o.o..o..o.......o.oo.o.....o..oooo..o......o
o.......o.....o.o...o....o..oo.....o..o.o.oo..o...o......o.....oo.oo.o.oo.........
.......o......o.....o..oo.o..o..o.o...ooo..o.oo.......o..oo.o.o..o..o.o...ooo..o..
....o..ooo......o....o..o.o.....ooo..o.o..oo.......ooo..o.......o...........o...o.
..........o.ooo....oo..oo..o..o....o........o.o..o.....o.....oo.......o...o.......
..oo.............oo.....o..xxxxxo.....o.....o....oo...............oo.oo.......o.o.
oooo...oo.o..oo.o..o..ooo.oxxxxx.....o........o......o......oo...oo..o.....o.o....
.o.......o.....oo...oo..o..xxxxxo.ooo...o...oo.o...o..o..o.o...o........o..o...o..
....o..oo.oo.oooo..oooo.o..xxxxxoo.oo...o..o.....o...o.o.........o...o.o.....oo...
o...oo.....o....o..o...o.o.xxxxx...o...o...o..o.....oo...o.o....o..o............o.
.o........o.....o..o........o.....o...oo....o.o...o.o..oooo....oo.............o...
..o.oo......oo............oo.o..o.o..o.o....o...oo.......oo....o.....ooo...oo..o..
oo...oo.oo.....o....ooo..o......oo...o.....o.......oo.ooo...oo......o..o..........
.......oo.........o.......o......oo..............o.....ooo....o..o..o.o.oo.oo...oo
o.o..o...o....oo....oo.......o.oo.ooooo......o.....o.ooo.......o.o.......o...oo.oo
.o..o...o......oo..oo....o.....o...o..o.o.o.....o............o.....oo....o.o.ooo.o
....o..o....o.o.ooo.oo......o...ooo.oo..o.........o.....o...................o.o.o.
