..ooo......oo.o........o.o....o...
......o....o..o....o..............
...........o.o....oooo.o...oo.o...
....o........o.o....o...........o.
......o....o.....xxxxx.....o......
.o...........o...xxxxx..o.........
...o.o........o.oxxxxxo......o...o
.......o....o.o..xxxxx....o....oo.
.oo....oo.....o..xxxxxo.o......o..
....o.o..o...........oo........o..
...o......o.........o.......o.....
.o.......oo...o...o...o..oo.o.....
o.o....o...o.oo.......ooo....o....
..........o..........o....o..o.oo.
..........o....o.oo...............
.....o.........o.......o.....oo...
.......o.............o.o......oo..
o.o..o..o.o.o...........o.........
.oo.o...oo..oo......o....oo.....o.
o....o..o....o.........o...o...o..
............oo.....o.o.o......o..o
.o....o...o......o...........o....
...o.....o......o.o...........o...
.........o...o..o.oo......ooooooo.
.............o.o......o..oo.......
..o.........oo....................
.o.............o.o..o..o.o........
...o.oo.......o.o......o........oo
..o.o.o....o.o.o....o..........o..
.......o...o...o.................o
.........o...oo.........o.o.o.....
...............o..........o.o.....
..o.o....o.......oo.....o..oo.....
..........o..o.......o....o....o..
o.oo...o....o...oo.......o...o...o
.............o....o.............o.
.o...o...........o..............o.
.....o....o.....o....o....o.o.o.o.
...o..............................
..................oo......o....o.o
.......o..o.o...o...o..........oo.
o......o.o.....o...o.o...o........
..o................o....ooo.......
oo.o.o.o.....................oo...
..o.oo.o..........o.o....o...o....
.....oo..o.........o......o..o.o..
o.o....o.o.................o......
o.......o.o.o............o.o......
....o.........o.o.........oo......
...o.o.....o.o....o.........o.....
