....................
....................
...o...o............
..............o.....
...o................
....................
...................o
....................
....................
...........o........
................o...
..........o........o
o...................
....................
....................
.................o..
..o..........o......
.................o..
....................
....................
....................
....................
....................
....................
....................
.............o......
....................
....................
.....o.........o....
.xxxxxxxxxxxx.......
.xxxxxxxxxxxx.......
.xxxxxxxxxxxx.......
oxxxxxxxxxxxx.......
.xxxxxxxxxxxx.......
.xxxxxxxxxxxx.......
.xxxxxxxxxxxx.......
.xxxxxxxxxxxx......o
.xxxxxxxxxxxx.......
.xxxxxxxxxxxxo....o.
.xxxxxxxxxxxx.......
.xxxxxxxxxxxx.......
....................
.........o..........
....................
....................
...........o....o...
...o................
....................
....................
....................
....................
....................
.......o..o.........
.......o............
....................
....................
....................
....................
....................
...............o....
....................
.........o..........
....................
....................
....................
....................
....................
..................o.
....................
...o.........o......
....................
....................
...........o........
....................
...................o
....................
........o.........o.
....................
....................
....................
.................o..
....................
....................
....................
....................
......o..........o..
....................
.......o......o.....
....................
..............o.....
....................
....................
